 Fuel_Pump_V3_1_20201113_20KHz_sfun

 Timestamp is 5fb33678 (Tue Nov 17 10:33:28 2020)

 Preferred load address is 0000000180000000

 Start         Length     Name                   Class
 0001:00000000 000181d0H .text$mn                CODE
 0001:000181d0 00000012H .text$mn$00             CODE
 0001:000181e2 00000092H .text$x                 CODE
 0002:00000000 000004d0H .idata$5                DATA
 0002:000004d0 00000010H .00cfg                  DATA
 0002:000004e0 00000008H .CRT$XCA                DATA
 0002:000004e8 00000008H .CRT$XCZ                DATA
 0002:000004f0 00000008H .CRT$XIA                DATA
 0002:000004f8 00000008H .CRT$XIZ                DATA
 0002:00000500 00000008H .CRT$XPA                DATA
 0002:00000508 00000008H .CRT$XPZ                DATA
 0002:00000510 00000008H .CRT$XTA                DATA
 0002:00000518 00000008H .CRT$XTZ                DATA
 0002:00000520 00000000H .gfids$y                DATA
 0002:00000520 00000718H .rdata                  DATA
 0002:00000c38 00000218H .rdata$zzzdbg           DATA
 0002:00000e50 00000008H .rtc$IAA                DATA
 0002:00000e58 00000008H .rtc$IZZ                DATA
 0002:00000e60 00000008H .rtc$TAA                DATA
 0002:00000e68 00000008H .rtc$TZZ                DATA
 0002:00000e70 000009d0H .xdata                  DATA
 0002:00001840 0000008cH .edata                  DATA
 0002:000018cc 00000104H .idata$2                DATA
 0002:000019d0 00000018H .idata$3                DATA
 0002:000019e8 000004d0H .idata$4                DATA
 0002:00001eb8 00000ef6H .idata$6                DATA
 0003:00000000 00003470H .data                   DATA
 0003:00003470 00000e00H .bss                    DATA
 0004:00000000 00000b94H .pdata                  DATA

  Address         Publics by Value              Rva+Base               Lib:Object

 0000:00000000       __enclave_config           0000000000000000     <absolute>
 0000:00000000       ___safe_se_handler_table   0000000000000000     <absolute>
 0000:00000000       __guard_iat_table          0000000000000000     <absolute>
 0000:00000000       __dynamic_value_reloc_table 0000000000000000     <absolute>
 0000:00000000       __AbsoluteZero             0000000000000000     <absolute>
 0000:00000000       ___safe_se_handler_count   0000000000000000     <absolute>
 0000:00000000       __hybrid_code_map_count    0000000000000000     <absolute>
 0000:00000000       __guard_longjmp_count      0000000000000000     <absolute>
 0000:00000000       __hybrid_code_map          0000000000000000     <absolute>
 0000:00000000       __guard_iat_count          0000000000000000     <absolute>
 0000:00000000       __hybrid_auxiliary_iat     0000000000000000     <absolute>
 0000:00000000       __guard_fids_count         0000000000000000     <absolute>
 0000:00000000       __guard_fids_table         0000000000000000     <absolute>
 0000:00000000       __volatile_metadata        0000000000000000     <absolute>
 0000:00000000       __guard_longjmp_table      0000000000000000     <absolute>
 0000:00000100       __guard_flags              0000000000000100     <absolute>
 0000:00000000       __ImageBase                0000000180000000     <linker-defined>
 0001:00000000       Fuel_Pump_V3_1_20201113_20KHz_initializer 0000000180001000 f   Fuel_Pump_V3_1_20201113_20KHz_sfun.obj
 0001:00000010       Fuel_Pump_V3_1_20201113_20KHz_terminator 0000000180001010 f   Fuel_Pump_V3_1_20201113_20KHz_sfun.obj
 0001:00000020       load_Fuel_Pump_V3_1_20201113_20KHz_optimization_info 0000000180001020 f   Fuel_Pump_V3_1_20201113_20KHz_sfun.obj
 0001:000000d0       unload_Fuel_Pump_V3_1_20201113_20KHz_optimization_info 00000001800010d0 f   Fuel_Pump_V3_1_20201113_20KHz_sfun.obj
 0001:00000100       sf_Fuel_Pump_V3_1_20201113_20KHz_method_dispatcher 0000000180001100 f   Fuel_Pump_V3_1_20201113_20KHz_sfun.obj
 0001:00000120       sf_Fuel_Pump_V3_1_20201113_20KHz_process_check_sum_call 0000000180001120 f   Fuel_Pump_V3_1_20201113_20KHz_sfun.obj
 0001:00000600       sf_Fuel_Pump_V3_1_20201113_20KHz_get_eml_resolved_functions_info 0000000180001600 f   Fuel_Pump_V3_1_20201113_20KHz_sfun.obj
 0001:00000790       sf_Fuel_Pump_V3_1_20201113_20KHz_third_party_uses_info 0000000180001790 f   Fuel_Pump_V3_1_20201113_20KHz_sfun.obj
 0001:00000920       sf_Fuel_Pump_V3_1_20201113_20KHz_jit_fallback_info 0000000180001920 f   Fuel_Pump_V3_1_20201113_20KHz_sfun.obj
 0001:00000ab0       sf_Fuel_Pump_V3_1_20201113_20KHz_get_post_codegen_info 0000000180001ab0 f   Fuel_Pump_V3_1_20201113_20KHz_sfun.obj
 0001:00000c40       sf_Fuel_Pump_V3_1_20201113_20KHz_updateBuildInfo_args_info 0000000180001c40 f   Fuel_Pump_V3_1_20201113_20KHz_sfun.obj
 0001:00000dd0       Fuel_Pump_V3_1_20201113_20KHz_register_exported_symbols 0000000180001dd0 f   Fuel_Pump_V3_1_20201113_20KHz_sfun.obj
 0001:00000de0       mexFunction                0000000180001de0 f   Fuel_Pump_V3_1_20201113_20KHz_sfun_registry.obj
 0001:00003380       _ssSetInputPortDirectFeedThroughFcn 0000000180004380 f   Fuel_Pump_V3_1_20201113_20KHz_sfun_registry.obj
 0001:000034f0       _ssSetRWorkValueFcn        00000001800044f0 f   Fuel_Pump_V3_1_20201113_20KHz_sfun_registry.obj
 0001:00003570       _ssGetRWorkValueFcn        0000000180004570 f   Fuel_Pump_V3_1_20201113_20KHz_sfun_registry.obj
 0001:000035e0       _ssSetIWorkValueFcn        00000001800045e0 f   Fuel_Pump_V3_1_20201113_20KHz_sfun_registry.obj
 0001:00003660       _ssGetIWorkValueFcn        0000000180004660 f   Fuel_Pump_V3_1_20201113_20KHz_sfun_registry.obj
 0001:000036d0       _ssSetPWorkValueFcn        00000001800046d0 f   Fuel_Pump_V3_1_20201113_20KHz_sfun_registry.obj
 0001:00003750       _ssGetPWorkValueFcn        0000000180004750 f   Fuel_Pump_V3_1_20201113_20KHz_sfun_registry.obj
 0001:000037c0       _ssGetInputPortSignalFcn   00000001800047c0 f   Fuel_Pump_V3_1_20201113_20KHz_sfun_registry.obj
 0001:00003b50       _ssGetInputPortBufferDstPortFcn 0000000180004b50 f   Fuel_Pump_V3_1_20201113_20KHz_sfun_registry.obj
 0001:00003bd0       _ssGetInputPortSignalPtrsFcn 0000000180004bd0 f   Fuel_Pump_V3_1_20201113_20KHz_sfun_registry.obj
 0001:00003f60       ssGetParameterTuningCompliance 0000000180004f60 f   Fuel_Pump_V3_1_20201113_20KHz_sfun_registry.obj
 0001:00003fd0       ssGetDTypeIdFromMxArray    0000000180004fd0 f   Fuel_Pump_V3_1_20201113_20KHz_sfun_registry.obj
 0001:000040f0       ssWriteRTWMx2dMatParam     00000001800050f0 f   Fuel_Pump_V3_1_20201113_20KHz_sfun_registry.obj
 0001:00004180       ssWriteRTWMxVectParam      0000000180005180 f   Fuel_Pump_V3_1_20201113_20KHz_sfun_registry.obj
 0001:00004200       ssWriteRTWParameters       0000000180005200 f   Fuel_Pump_V3_1_20201113_20KHz_sfun_registry.obj
 0001:000047c0       ssWriteRTWParamSettings    00000001800057c0 f   Fuel_Pump_V3_1_20201113_20KHz_sfun_registry.obj
 0001:00004eb0       ssWriteRTWStr              0000000180005eb0 f   Fuel_Pump_V3_1_20201113_20KHz_sfun_registry.obj
 0001:00004f10       ssWriteRTWWorkVect         0000000180005f10 f   Fuel_Pump_V3_1_20201113_20KHz_sfun_registry.obj
 0001:00005470       ssWarning                  0000000180006470 f   Fuel_Pump_V3_1_20201113_20KHz_sfun_registry.obj
 0001:00005560       ssWriteRTWNameValuePair    0000000180006560 f   Fuel_Pump_V3_1_20201113_20KHz_sfun_registry.obj
 0001:00005a60       _ssSetInputPortMatrixDimensions 0000000180006a60 f   Fuel_Pump_V3_1_20201113_20KHz_sfun_registry.obj
 0001:00005b80       _ssSetOutputPortMatrixDimensions 0000000180006b80 f   Fuel_Pump_V3_1_20201113_20KHz_sfun_registry.obj
 0001:00005ca0       _ssSetInputPortVectorDimension 0000000180006ca0 f   Fuel_Pump_V3_1_20201113_20KHz_sfun_registry.obj
 0001:00005d50       _ssSetOutputPortVectorDimension 0000000180006d50 f   Fuel_Pump_V3_1_20201113_20KHz_sfun_registry.obj
 0001:00005e00       ssIsRunTimeParamTunable    0000000180006e00 f   Fuel_Pump_V3_1_20201113_20KHz_sfun_registry.obj
 0001:00005e70       ssGetSFuncBlockHandle      0000000180006e70 f   Fuel_Pump_V3_1_20201113_20KHz_sfun_registry.obj
 0001:00005ee0       _ssGetCurrentInputPortWidth 0000000180006ee0 f   Fuel_Pump_V3_1_20201113_20KHz_sfun_registry.obj
 0001:00006000       _ssGetCurrentOutputPortWidth 0000000180007000 f   Fuel_Pump_V3_1_20201113_20KHz_sfun_registry.obj
 0001:00006120       _ssGetCallSystemNumFcnCallDestinations 0000000180007120 f   Fuel_Pump_V3_1_20201113_20KHz_sfun_registry.obj
 0001:00006190       ssGetIsZeroCrossControlDisabled 0000000180007190 f   Fuel_Pump_V3_1_20201113_20KHz_sfun_registry.obj
 0001:00006200       ssSetIsInputPortUsedForContZcSignal 0000000180007200 f   Fuel_Pump_V3_1_20201113_20KHz_sfun_registry.obj
 0001:00006270       ssSetZcSignalIsZcElementDisc 0000000180007270 f   Fuel_Pump_V3_1_20201113_20KHz_sfun_registry.obj
 0001:00006320       ssSetZcSignalName          0000000180007320 f   Fuel_Pump_V3_1_20201113_20KHz_sfun_registry.obj
 0001:00006390       ssSetZcSignalWidth         0000000180007390 f   Fuel_Pump_V3_1_20201113_20KHz_sfun_registry.obj
 0001:00006400       ssSetZcSignalZcEventType   0000000180007400 f   Fuel_Pump_V3_1_20201113_20KHz_sfun_registry.obj
 0001:00006470       ssSetZcSignalType          0000000180007470 f   Fuel_Pump_V3_1_20201113_20KHz_sfun_registry.obj
 0001:000064e0       ssSetZcSignalZcTol         00000001800074e0 f   Fuel_Pump_V3_1_20201113_20KHz_sfun_registry.obj
 0001:00006550       ssSetZcSignalNeedsEventNotification 0000000180007550 f   Fuel_Pump_V3_1_20201113_20KHz_sfun_registry.obj
 0001:000065c0       ssCreateAndAddZcSignalInfo 00000001800075c0 f   Fuel_Pump_V3_1_20201113_20KHz_sfun_registry.obj
 0001:00006630       ssCloneAndAddZcSignalInfo  0000000180007630 f   Fuel_Pump_V3_1_20201113_20KHz_sfun_registry.obj
 0001:000066a0       ssGetNumZcSignals          00000001800076a0 f   Fuel_Pump_V3_1_20201113_20KHz_sfun_registry.obj
 0001:00006710       ssGetZcSignalVector        0000000180007710 f   Fuel_Pump_V3_1_20201113_20KHz_sfun_registry.obj
 0001:00006780       ssGetZcSignalName          0000000180007780 f   Fuel_Pump_V3_1_20201113_20KHz_sfun_registry.obj
 0001:000067f0       ssGetZcSignalWidth         00000001800077f0 f   Fuel_Pump_V3_1_20201113_20KHz_sfun_registry.obj
 0001:00006860       ssGetZcSignalZcEventType   0000000180007860 f   Fuel_Pump_V3_1_20201113_20KHz_sfun_registry.obj
 0001:000068d0       ssGetZcSignalZcEvents      00000001800078d0 f   Fuel_Pump_V3_1_20201113_20KHz_sfun_registry.obj
 0001:00006940       ssGetZcSignalType          0000000180007940 f   Fuel_Pump_V3_1_20201113_20KHz_sfun_registry.obj
 0001:000069b0       ssGetZcSignalZcTol         00000001800079b0 f   Fuel_Pump_V3_1_20201113_20KHz_sfun_registry.obj
 0001:00006a30       ssGetZcSignalNeedsEventNotification 0000000180007a30 f   Fuel_Pump_V3_1_20201113_20KHz_sfun_registry.obj
 0001:00006aa0       ssGetZcSignalIsZcElementDisc 0000000180007aa0 f   Fuel_Pump_V3_1_20201113_20KHz_sfun_registry.obj
 0001:00006b40       ssGetIsInputPortElementContinuous 0000000180007b40 f   Fuel_Pump_V3_1_20201113_20KHz_sfun_registry.obj
 0001:00006be0       _ssGetAbsTol               0000000180007be0 f   Fuel_Pump_V3_1_20201113_20KHz_sfun_registry.obj
 0001:00006c50       _ssSetStateAbsTol          0000000180007c50 f   Fuel_Pump_V3_1_20201113_20KHz_sfun_registry.obj
 0001:00006d30       _ssSetInputPortReusableFcn 0000000180007d30 f   Fuel_Pump_V3_1_20201113_20KHz_sfun_registry.obj
 0001:00006e30       _ssSetOutputPortReusableFcn 0000000180007e30 f   Fuel_Pump_V3_1_20201113_20KHz_sfun_registry.obj
 0001:00006f30       _ssSetSymbolicDimsSupport  0000000180007f30 f   Fuel_Pump_V3_1_20201113_20KHz_sfun_registry.obj
 0001:00006fa0       _ssRegisterSymbolicDimsExpr 0000000180007fa0 f   Fuel_Pump_V3_1_20201113_20KHz_sfun_registry.obj
 0001:00007020       _ssRegisterSymbolicDims    0000000180008020 f   Fuel_Pump_V3_1_20201113_20KHz_sfun_registry.obj
 0001:000070c0       _ssRegisterSymbolicDimsString 00000001800080c0 f   Fuel_Pump_V3_1_20201113_20KHz_sfun_registry.obj
 0001:00007140       _ssRegisterSymbolicDimsIntValue 0000000180008140 f   Fuel_Pump_V3_1_20201113_20KHz_sfun_registry.obj
 0001:000071b0       _ssRegisterSymbolicDimsPlus 00000001800081b0 f   Fuel_Pump_V3_1_20201113_20KHz_sfun_registry.obj
 0001:00007230       _ssRegisterSymbolicDimsMinus 0000000180008230 f   Fuel_Pump_V3_1_20201113_20KHz_sfun_registry.obj
 0001:000072b0       _ssRegisterSymbolicDimsMultiply 00000001800082b0 f   Fuel_Pump_V3_1_20201113_20KHz_sfun_registry.obj
 0001:00007330       _ssRegisterSymbolicDimsDivide 0000000180008330 f   Fuel_Pump_V3_1_20201113_20KHz_sfun_registry.obj
 0001:000073b0       _ssGetNumSymbolicDims      00000001800083b0 f   Fuel_Pump_V3_1_20201113_20KHz_sfun_registry.obj
 0001:00007420       _ssGetSymbolicDim          0000000180008420 f   Fuel_Pump_V3_1_20201113_20KHz_sfun_registry.obj
 0001:000074a0       _ssSetInputPortSymbolicDimsId 00000001800084a0 f   Fuel_Pump_V3_1_20201113_20KHz_sfun_registry.obj
 0001:00007510       _ssGetCompInputPortSymbolicDimsId 0000000180008510 f   Fuel_Pump_V3_1_20201113_20KHz_sfun_registry.obj
 0001:00007580       _ssSetCompInputPortSymbolicDimsId 0000000180008580 f   Fuel_Pump_V3_1_20201113_20KHz_sfun_registry.obj
 0001:000075f0       _ssSetOutputPortSymbolicDimsId 00000001800085f0 f   Fuel_Pump_V3_1_20201113_20KHz_sfun_registry.obj
 0001:00007660       _ssGetCompOutputPortSymbolicDimsId 0000000180008660 f   Fuel_Pump_V3_1_20201113_20KHz_sfun_registry.obj
 0001:000076d0       _ssSetCompOutputPortSymbolicDimsId 00000001800086d0 f   Fuel_Pump_V3_1_20201113_20KHz_sfun_registry.obj
 0001:00007740       _ssSetCompDWorkSymbolicDimsId 0000000180008740 f   Fuel_Pump_V3_1_20201113_20KHz_sfun_registry.obj
 0001:000077b0       sf_process_check_sum_call  00000001800087b0 f   Fuel_Pump_V3_1_20201113_20KHz_sfun_registry.obj
 0001:00007820       sf_process_get_third_party_uses_info_call 0000000180008820 f   Fuel_Pump_V3_1_20201113_20KHz_sfun_registry.obj
 0001:00007b10       sf_process_get_jit_fallback_info_call 0000000180008b10 f   Fuel_Pump_V3_1_20201113_20KHz_sfun_registry.obj
 0001:00007e00       sf_process_get_post_codegen_info_call 0000000180008e00 f   Fuel_Pump_V3_1_20201113_20KHz_sfun_registry.obj
 0001:000080f0       sf_process_get_updateBuildInfo_args_info_call 00000001800090f0 f   Fuel_Pump_V3_1_20201113_20KHz_sfun_registry.obj
 0001:000083e0       sf_process_get_eml_resolved_functions_info_call 00000001800093e0 f   Fuel_Pump_V3_1_20201113_20KHz_sfun_registry.obj
 0001:000086d0       sf_mex_unlock_call         00000001800096d0 f   Fuel_Pump_V3_1_20201113_20KHz_sfun_registry.obj
 0001:000088f0       sf_machine_global_initializer_called 00000001800098f0 f   Fuel_Pump_V3_1_20201113_20KHz_sfun_registry.obj
 0001:00008920       sf_machine_global_method_dispatcher 0000000180009920 f   Fuel_Pump_V3_1_20201113_20KHz_sfun_registry.obj
 0001:000089c0       sf_machine_global_terminator 00000001800099c0 f   Fuel_Pump_V3_1_20201113_20KHz_sfun_registry.obj
 0001:00008a00       sf_register_machine_exported_symbols 0000000180009a00 f   Fuel_Pump_V3_1_20201113_20KHz_sfun_registry.obj
 0001:00008a30       callCustomFcn              0000000180009a30 f   Fuel_Pump_V3_1_20201113_20KHz_sfun_registry.obj
 0001:00008a40       sf_machine_global_initializer 0000000180009a40 f   Fuel_Pump_V3_1_20201113_20KHz_sfun_registry.obj
 0001:00008ac0       mdlGetSimState             0000000180009ac0 f   Fuel_Pump_V3_1_20201113_20KHz_sfun_registry.obj
 0001:00008b00       mdlSetSimState             0000000180009b00 f   Fuel_Pump_V3_1_20201113_20KHz_sfun_registry.obj
 0001:00009370       ProcessMexSfunctionEveryCall 000000018000a370 f   Fuel_Pump_V3_1_20201113_20KHz_sfun_registry.obj
 0001:0000a480       __local_stdio_printf_options 000000018000b480 f i Fuel_Pump_V3_1_20201113_20KHz_sfun_registry.obj
 0001:0000a490       _vsnprintf_l               000000018000b490 f i Fuel_Pump_V3_1_20201113_20KHz_sfun_registry.obj
 0001:0000a510       _vsprintf_l                000000018000b510 f i Fuel_Pump_V3_1_20201113_20KHz_sfun_registry.obj
 0001:0000a560       sprintf                    000000018000b560 f i Fuel_Pump_V3_1_20201113_20KHz_sfun_registry.obj
 0001:0000a5b0       mexfilerequiredapiversion  000000018000b5b0 f   c_mexapi_version.obj
 0001:0000a5e0       canblocks_extras_initializer 000000018000b5e0 f   canblocks_extras_sfun:canblocks_extras_sfun.obj
 0001:0000a5f0       canblocks_extras_terminator 000000018000b5f0 f   canblocks_extras_sfun:canblocks_extras_sfun.obj
 0001:0000a600       load_canblocks_extras_optimization_info 000000018000b600 f   canblocks_extras_sfun:canblocks_extras_sfun.obj
 0001:0000a6b0       unload_canblocks_extras_optimization_info 000000018000b6b0 f   canblocks_extras_sfun:canblocks_extras_sfun.obj
 0001:0000a6e0       sf_canblocks_extras_method_dispatcher 000000018000b6e0 f   canblocks_extras_sfun:canblocks_extras_sfun.obj
 0001:0000a730       sf_canblocks_extras_process_check_sum_call 000000018000b730 f   canblocks_extras_sfun:canblocks_extras_sfun.obj
 0001:0000ab30       sf_canblocks_extras_get_eml_resolved_functions_info 000000018000bb30 f   canblocks_extras_sfun:canblocks_extras_sfun.obj
 0001:0000ad10       sf_canblocks_extras_third_party_uses_info 000000018000bd10 f   canblocks_extras_sfun:canblocks_extras_sfun.obj
 0001:0000aee0       sf_canblocks_extras_jit_fallback_info 000000018000bee0 f   canblocks_extras_sfun:canblocks_extras_sfun.obj
 0001:0000b0b0       sf_canblocks_extras_get_post_codegen_info 000000018000c0b0 f   canblocks_extras_sfun:canblocks_extras_sfun.obj
 0001:0000b290       sf_canblocks_extras_updateBuildInfo_args_info 000000018000c290 f   canblocks_extras_sfun:canblocks_extras_sfun.obj
 0001:0000b460       canblocks_extras_register_exported_symbols 000000018000c460 f   canblocks_extras_sfun:canblocks_extras_sfun.obj
 0001:0000b470       sf_c28_canblocks_extras_get_eml_resolved_functions_info 000000018000c470 f   canblocks_extras_sfun:c28_canblocks_extras.obj
 0001:0000b4f0       sf_c28_canblocks_extras_get_check_sum 000000018000c4f0 f   canblocks_extras_sfun:c28_canblocks_extras.obj
 0001:0000b5c0       c28_canblocks_extras_method_dispatcher 000000018000c5c0 f   canblocks_extras_sfun:c28_canblocks_extras.obj
 0001:00016170       sf_c28_canblocks_extras_third_party_uses_info 0000000180017170 f   canblocks_extras_sfun:c28_canblocks_extras.obj
 0001:000161a0       sf_c28_canblocks_extras_jit_fallback_info 00000001800171a0 f   canblocks_extras_sfun:c28_canblocks_extras.obj
 0001:00016330       sf_c28_canblocks_extras_updateBuildInfo_args_info 0000000180017330 f   canblocks_extras_sfun:c28_canblocks_extras.obj
 0001:00016690       sf_c28_canblocks_extras_get_post_codegen_info 0000000180017690 f   canblocks_extras_sfun:c28_canblocks_extras.obj
 0001:00016bed       sf_load_rtw_optimization_info 0000000180017bed f   sf_runtime:sf_runtime.dll
 0001:00016bf3       sf_get_ChartInfoStruct_CodeGen 0000000180017bf3 f   sf_runtime:sf_runtime.dll
 0001:00016bf9       sf_get_hasSeparateUpdateOutputs 0000000180017bf9 f   sf_runtime:sf_runtime.dll
 0001:00016bff       callMdlMethodAndReportError 0000000180017bff f   sf_runtime:sf_runtime.dll
 0001:00016c05       sim_mode_is_rtw_gen        0000000180017c05 f   sf_runtime:sf_runtime.dll
 0001:00016c0b       call_sf_machine_global_method_dispatcher 0000000180017c0b f   sf_runtime:sf_runtime.dll
 0001:00016c11       getRuntimeInstanceInfoAsVoid 0000000180017c11 f   sf_runtime:sf_runtime.dll
 0001:00016c17       sf_mex_error_direct_call   0000000180017c17 f   sf_runtime:sf_runtime.dll
 0001:00016c1d       sf_clear_error_manager_info 0000000180017c1d f   sf_runtime:sf_runtime.dll
 0001:00016c23       sf_mex_decode              0000000180017c23 f   sf_runtime:sf_runtime.dll
 0001:00016c29       sf_init_ChartRunTimeInfo   0000000180017c29 f   sf_runtime:sf_runtime.dll
 0001:00016c2f       sf_free_ChartRunTimeInfo   0000000180017c2f f   sf_runtime:sf_runtime.dll
 0001:00016c35       sfrtGetEmlrtCtx            0000000180017c35 f   sf_runtime:sf_runtime.dll
 0001:00016c3b       sfrtGetCovrtInstance       0000000180017c3b f   sf_runtime:sf_runtime.dll
 0001:00016c41       sf_get_chart_instance_ptr  0000000180017c41 f   sf_runtime:sf_runtime.dll
 0001:00016c47       sim_mode_is_external       0000000180017c47 f   sf_runtime:sf_runtime.dll
 0001:00016c4d       sf_mex_get_sfun_param      0000000180017c4d f   sf_runtime:sf_runtime.dll
 0001:00016c53       sf_clear_rtw_identifier    0000000180017c53 f   sf_runtime:sf_runtime.dll
 0001:00016c59       sf_get_time                0000000180017c59 f   sf_runtime:sf_runtime.dll
 0001:00016c5f       sf_force_animation_for_chart_exec_at_init 0000000180017c5f f   sf_runtime:sf_runtime.dll
 0001:00016c65       sfDoAnimationWrapper       0000000180017c65 f   sf_runtime:sf_runtime.dll
 0001:00016c6b       setDataBrowseFcn           0000000180017c6b f   sf_runtime:sf_runtime.dll
 0001:00016c71       setLegacyDebuggerFlag      0000000180017c71 f   sf_runtime:sf_runtime.dll
 0001:00016c77       setDebuggerFlag            0000000180017c77 f   sf_runtime:sf_runtime.dll
 0001:00016c7d       sf_warn_if_symbolic_dimension_param_changed 0000000180017c7d f   sf_runtime:sf_runtime.dll
 0001:00016c83       sf_set_work_widths         0000000180017c83 f   sf_runtime:sf_runtime.dll
 0001:00016c89       sfListenerCacheSimStruct   0000000180017c89 f   sf_runtime:sf_runtime.dll
 0001:00016c8f       sfListenerLightTerminate   0000000180017c8f f   sf_runtime:sf_runtime.dll
 0001:00016c95       sf_mex_error_message       0000000180017c95 f   sf_runtime:sf_runtime.dll
 0001:00016c9b       sf_mex_create              0000000180017c9b f   sf_runtime:sf_runtime.dll
 0001:00016ca1       sf_mex_createcellmatrix    0000000180017ca1 f   sf_runtime:sf_runtime.dll
 0001:00016ca7       sf_mex_setcell             0000000180017ca7 f   sf_runtime:sf_runtime.dll
 0001:00016cad       sf_mex_getcell             0000000180017cad f   sf_runtime:sf_runtime.dll
 0001:00016cb3       sf_mex_assign              0000000180017cb3 f   sf_runtime:sf_runtime.dll
 0001:00016cb9       sf_mex_dup                 0000000180017cb9 f   sf_runtime:sf_runtime.dll
 0001:00016cbf       sf_mex_destroy             0000000180017cbf f   sf_runtime:sf_runtime.dll
 0001:00016cc5       sf_mex_import              0000000180017cc5 f   sf_runtime:sf_runtime.dll
 0001:00016ccb       sf_mex_import_named        0000000180017ccb f   sf_runtime:sf_runtime.dll
 0001:00016cd1       sf_mex_duplicatearraysafe  0000000180017cd1 f   sf_runtime:sf_runtime.dll
 0001:00016cd7       ssGetInputPortSignal_wrapper 0000000180017cd7 f   sf_runtime:sf_runtime.dll
 0001:00016cdd       sf_data_overflow_error     0000000180017cdd f   sf_runtime:sf_runtime.dll
 0001:00016ce3       mxIsChar_800               0000000180017ce3 f   libmx:libmx.dll
 0001:00016ce9       mxGetScalar_800            0000000180017ce9 f   libmx:libmx.dll
 0001:00016cef       mxGetPr_800                0000000180017cef f   libmx:libmx.dll
 0001:00016cf5       mxDestroyArray_800         0000000180017cf5 f   libmx:libmx.dll
 0001:00016cfb       mxCreateDoubleMatrix_800   0000000180017cfb f   libmx:libmx.dll
 0001:00016d01       mxGetString_800            0000000180017d01 f   libmx:libmx.dll
 0001:00016d07       mxCalloc_800               0000000180017d07 f   libmx:libmx.dll
 0001:00016d0d       mxGetM_800                 0000000180017d0d f   libmx:libmx.dll
 0001:00016d13       mxGetClassID_800           0000000180017d13 f   libmx:libmx.dll
 0001:00016d19       mxIsNumeric_800            0000000180017d19 f   libmx:libmx.dll
 0001:00016d1f       mxIsComplex_800            0000000180017d1f f   libmx:libmx.dll
 0001:00016d25       mxGetN_800                 0000000180017d25 f   libmx:libmx.dll
 0001:00016d2b       mxCreateDoubleScalar_800   0000000180017d2b f   libmx:libmx.dll
 0001:00016d31       mxCreateString_800         0000000180017d31 f   libmx:libmx.dll
 0001:00016d37       mxDuplicateArray_800       0000000180017d37 f   libmx:libmx.dll
 0001:00016d3d       mxSetField_800             0000000180017d3d f   libmx:libmx.dll
 0001:00016d43       mxCreateCellMatrix_800     0000000180017d43 f   libmx:libmx.dll
 0001:00016d49       mxCreateStructMatrix_800   0000000180017d49 f   libmx:libmx.dll
 0001:00016d4f       mexMakeArrayPersistent_800 0000000180017d4f f   libmex:libmex.dll
 0001:00016d55       mexErrMsgTxt_800           0000000180017d55 f   libmex:libmex.dll
 0001:00016d5b       mexWarnMsgTxt_800          0000000180017d5b f   libmex:libmex.dll
 0001:00016d61       mexCallMATLAB_800          0000000180017d61 f   libmex:libmex.dll
 0001:00016d67       mexLock_800                0000000180017d67 f   libmex:libmex.dll
 0001:00016d6d       mexUnlock_800              0000000180017d6d f   libmex:libmex.dll
 0001:00016d73       mexIsLocked_800            0000000180017d73 f   libmex:libmex.dll
 0001:00016d79       utMalloc                   0000000180017d79 f   libut:libut.dll
 0001:00016d7f       utFree                     0000000180017d7f f   libut:libut.dll
 0001:00016d85       slcovUploadCoverageSynthesisBySimstruct 0000000180017d85 f   libmwsl_sfcn_cov_bridge:libmwsl_sfcn_cov_bridge.dll
 0001:00016d8b       covrtCreateStateflowInstanceData 0000000180017d8b f   libcovrt:libcovrt.dll
 0001:00016d91       covrtDeleteStateflowInstanceData 0000000180017d91 f   libcovrt:libcovrt.dll
 0001:00016d97       covrtRelationalopInitFcn   0000000180017d97 f   libcovrt:libcovrt.dll
 0001:00016d9d       covrtTransInitFcn          0000000180017d9d f   libcovrt:libcovrt.dll
 0001:00016da3       covrtStateInitFcn          0000000180017da3 f   libcovrt:libcovrt.dll
 0001:00016da9       covrtChartInitFcn          0000000180017da9 f   libcovrt:libcovrt.dll
 0001:00016daf       covrtRelationalopUpdateFcn 0000000180017daf f   libcovrt:libcovrt.dll
 0001:00016db5       covrtDecUpdateFcn          0000000180017db5 f   libcovrt:libcovrt.dll
 0001:00016dbb       covrtTransitionDecUpdateFcn 0000000180017dbb f   libcovrt:libcovrt.dll
 0001:00016dc1       covrtCondUpdateFcn         0000000180017dc1 f   libcovrt:libcovrt.dll
 0001:00016dc7       covrtSigUpdateFcn          0000000180017dc7 f   libcovrt:libcovrt.dll
 0001:00016dd0       __raise_securityfailure    0000000180017dd0 f   MSVCRT:gs_report.obj
 0001:00016e04       __report_gsfailure         0000000180017e04 f   MSVCRT:gs_report.obj
 0001:00016ed8       __report_rangecheckfailure 0000000180017ed8 f   MSVCRT:gs_report.obj
 0001:00016eec       __report_securityfailure   0000000180017eec f   MSVCRT:gs_report.obj
 0001:00016f88       __report_securityfailureEx 0000000180017f88 f   MSVCRT:gs_report.obj
 0001:0001717c       __GSHandlerCheck           000000018001817c f   MSVCRT:gshandler.obj
 0001:0001719c       __GSHandlerCheckCommon     000000018001819c f   MSVCRT:gshandler.obj
 0001:00017210       __security_check_cookie    0000000180018210 f   MSVCRT:amdsecgs.obj
 0001:00017570       _CRT_INIT                  0000000180018570 f   MSVCRT:dll_dllmain.obj
 0001:00017578       _DllMainCRTStartup         0000000180018578 f   MSVCRT:dll_dllmain.obj
 0001:00017624       __security_init_cookie     0000000180018624 f   MSVCRT:gs_support.obj
 0001:000176d0       DllMain                    00000001800186d0 f   MSVCRT:dll_dllmain_stub.obj
 0001:000176f4       ?__scrt_initialize_type_info@@YAXXZ 00000001800186f4 f   MSVCRT:tncleanup.obj
 0001:00017704       ?__scrt_uninitialize_type_info@@YAXXZ 0000000180018704 f   MSVCRT:tncleanup.obj
 0001:00017710       __local_stdio_scanf_options 0000000180018710 f i MSVCRT:default_local_stdio_options.obj
 0001:00017718       __scrt_initialize_default_local_stdio_options 0000000180018718 f   MSVCRT:default_local_stdio_options.obj
 0001:00017734       ?configure_argv@__scrt_narrow_argv_policy@@SAHXZ 0000000180018734 f i MSVCRT:utility.obj
 0001:00017794       ?initialize_environment@__scrt_narrow_environment_policy@@SAHXZ 0000000180018794 f i MSVCRT:utility.obj
 0001:000177cc       NtCurrentTeb               00000001800187cc f i MSVCRT:utility.obj
 0001:000177d8       __scrt_acquire_startup_lock 00000001800187d8 f   MSVCRT:utility.obj
 0001:00017814       __scrt_dllmain_after_initialize_c 0000000180018814 f   MSVCRT:utility.obj
 0001:00017848       __scrt_dllmain_before_initialize_c 0000000180018848 f   MSVCRT:utility.obj
 0001:00017860       __scrt_dllmain_crt_thread_attach 0000000180018860 f   MSVCRT:utility.obj
 0001:00017888       __scrt_dllmain_crt_thread_detach 0000000180018888 f   MSVCRT:utility.obj
 0001:000178a0       __scrt_dllmain_exception_filter 00000001800188a0 f   MSVCRT:utility.obj
 0001:00017900       __scrt_dllmain_uninitialize_c 0000000180018900 f   MSVCRT:utility.obj
 0001:00017930       __scrt_dllmain_uninitialize_critical 0000000180018930 f   MSVCRT:utility.obj
 0001:00017944       __scrt_initialize_crt      0000000180018944 f   MSVCRT:utility.obj
 0001:00017990       __scrt_initialize_onexit_tables 0000000180018990 f   MSVCRT:utility.obj
 0001:00017a1c       __scrt_is_nonwritable_in_current_image 0000000180018a1c f   MSVCRT:utility.obj
 0001:00017ab4       __scrt_release_startup_lock 0000000180018ab4 f   MSVCRT:utility.obj
 0001:00017ad8       __scrt_uninitialize_crt    0000000180018ad8 f   MSVCRT:utility.obj
 0001:00017b04       _onexit                    0000000180018b04 f   MSVCRT:utility.obj
 0001:00017b40       at_quick_exit              0000000180018b40 f   MSVCRT:utility.obj
 0001:00017b60       atexit                     0000000180018b60 f   MSVCRT:utility.obj
 0001:00017b78       __scrt_get_dyn_tls_init_callback 0000000180018b78 f   MSVCRT:dyn_tls_init.obj
 0001:00017b80       __crt_debugger_hook        0000000180018b80 f   MSVCRT:utility_desktop.obj
 0001:00017b88       __scrt_fastfail            0000000180018b88 f   MSVCRT:utility_desktop.obj
 0001:00017cd4       __scrt_get_show_window_mode 0000000180018cd4 f   MSVCRT:utility_desktop.obj
 0001:00017d10       __scrt_initialize_mta      0000000180018d10 f   MSVCRT:utility_desktop.obj
 0001:00017d18       __scrt_initialize_winrt    0000000180018d18 f   MSVCRT:utility_desktop.obj
 0001:00017d1c       __scrt_is_managed_app      0000000180018d1c f   MSVCRT:utility_desktop.obj
 0001:00017d70       __scrt_set_unhandled_exception_filter 0000000180018d70 f   MSVCRT:utility_desktop.obj
 0001:00017d80       __scrt_stub_for_initialize_mta 0000000180018d80 f   MSVCRT:utility_desktop.obj
 0001:00017d80       __scrt_exe_initialize_mta  0000000180018d80 f   MSVCRT:utility_desktop.obj
 0001:00017d84       __scrt_unhandled_exception_filter 0000000180018d84 f   MSVCRT:utility_desktop.obj
 0001:00017de0       _RTC_Initialize            0000000180018de0 f   MSVCRT:initsect.obj
 0001:00017e1c       _RTC_Terminate             0000000180018e1c f   MSVCRT:initsect.obj
 0001:00017e58       _guard_check_icall_nop     0000000180018e58 f i MSVCRT:guard_support.obj
 0001:00017e5c       ReadNoFence64              0000000180018e5c f i MSVCRT:guard_support.obj
 0001:00017e60       ReadPointerNoFence         0000000180018e60 f i MSVCRT:guard_support.obj
 0001:00017e64       _guard_icall_checks_enforced 0000000180018e64 f i MSVCRT:guard_support.obj
 0001:00017e7c       _guard_rf_checks_enforced  0000000180018e7c f i MSVCRT:guard_support.obj
 0001:00017e80       __isa_available_init       0000000180018e80 f   MSVCRT:cpu_disp.obj
 0001:00018024       _get_startup_argv_mode     0000000180019024 f   MSVCRT:argv_mode.obj
 0001:0001802c       __scrt_is_ucrt_dll_in_use  000000018001902c f   MSVCRT:ucrt_detection.obj
 0001:00018040       RtlCaptureContext          0000000180019040 f   kernel32:KERNEL32.dll
 0001:00018046       RtlLookupFunctionEntry     0000000180019046 f   kernel32:KERNEL32.dll
 0001:0001804c       RtlVirtualUnwind           000000018001904c f   kernel32:KERNEL32.dll
 0001:00018052       UnhandledExceptionFilter   0000000180019052 f   kernel32:KERNEL32.dll
 0001:00018058       SetUnhandledExceptionFilter 0000000180019058 f   kernel32:KERNEL32.dll
 0001:0001805e       GetCurrentProcess          000000018001905e f   kernel32:KERNEL32.dll
 0001:00018064       TerminateProcess           0000000180019064 f   kernel32:KERNEL32.dll
 0001:0001806a       IsProcessorFeaturePresent  000000018001906a f   kernel32:KERNEL32.dll
 0001:00018070       QueryPerformanceCounter    0000000180019070 f   kernel32:KERNEL32.dll
 0001:00018076       GetCurrentProcessId        0000000180019076 f   kernel32:KERNEL32.dll
 0001:0001807c       GetCurrentThreadId         000000018001907c f   kernel32:KERNEL32.dll
 0001:00018082       GetSystemTimeAsFileTime    0000000180019082 f   kernel32:KERNEL32.dll
 0001:00018088       DisableThreadLibraryCalls  0000000180019088 f   kernel32:KERNEL32.dll
 0001:0001808e       InitializeSListHead        000000018001908e f   kernel32:KERNEL32.dll
 0001:00018094       IsDebuggerPresent          0000000180019094 f   kernel32:KERNEL32.dll
 0001:0001809a       GetStartupInfoW            000000018001909a f   kernel32:KERNEL32.dll
 0001:000180a0       GetModuleHandleW           00000001800190a0 f   kernel32:KERNEL32.dll
 0001:000180a6       memcpy                     00000001800190a6 f   vcruntime:VCRUNTIME140.dll
 0001:000180ac       memset                     00000001800190ac f   vcruntime:VCRUNTIME140.dll
 0001:000180b2       __C_specific_handler       00000001800190b2 f   vcruntime:VCRUNTIME140.dll
 0001:000180b8       __std_type_info_destroy_list 00000001800190b8 f   vcruntime:VCRUNTIME140.dll
 0001:000180be       __current_exception        00000001800190be f   vcruntime:VCRUNTIME140.dll
 0001:000180c4       __current_exception_context 00000001800190c4 f   vcruntime:VCRUNTIME140.dll
 0001:000180ca       strcmp                     00000001800190ca f   ucrt:api-ms-win-crt-string-l1-1-0.dll
 0001:000180d0       __stdio_common_vsprintf    00000001800190d0 f   ucrt:api-ms-win-crt-stdio-l1-1-0.dll
 0001:000180d6       free                       00000001800190d6 f   ucrt:api-ms-win-crt-heap-l1-1-0.dll
 0001:000180dc       malloc                     00000001800190dc f   ucrt:api-ms-win-crt-heap-l1-1-0.dll
 0001:000180e2       strlen                     00000001800190e2 f   ucrt:api-ms-win-crt-string-l1-1-0.dll
 0001:000180e8       strcat                     00000001800190e8 f   ucrt:api-ms-win-crt-string-l1-1-0.dll
 0001:000180ee       _initterm                  00000001800190ee f   ucrt:api-ms-win-crt-runtime-l1-1-0.dll
 0001:000180f4       _initterm_e                00000001800190f4 f   ucrt:api-ms-win-crt-runtime-l1-1-0.dll
 0001:000180fa       _seh_filter_dll            00000001800190fa f   ucrt:api-ms-win-crt-runtime-l1-1-0.dll
 0001:00018100       _configure_narrow_argv     0000000180019100 f   ucrt:api-ms-win-crt-runtime-l1-1-0.dll
 0001:00018106       _initialize_narrow_environment 0000000180019106 f   ucrt:api-ms-win-crt-runtime-l1-1-0.dll
 0001:0001810c       _initialize_onexit_table   000000018001910c f   ucrt:api-ms-win-crt-runtime-l1-1-0.dll
 0001:00018112       _register_onexit_function  0000000180019112 f   ucrt:api-ms-win-crt-runtime-l1-1-0.dll
 0001:00018118       _execute_onexit_table      0000000180019118 f   ucrt:api-ms-win-crt-runtime-l1-1-0.dll
 0001:0001811e       _crt_atexit                000000018001911e f   ucrt:api-ms-win-crt-runtime-l1-1-0.dll
 0001:00018124       _crt_at_quick_exit         0000000180019124 f   ucrt:api-ms-win-crt-runtime-l1-1-0.dll
 0001:0001812a       _cexit                     000000018001912a f   ucrt:api-ms-win-crt-runtime-l1-1-0.dll
 0001:00018130       terminate                  0000000180019130 f   ucrt:api-ms-win-crt-runtime-l1-1-0.dll
 0001:00018136       setStation_Address_G1WZrK4kHQSfLP1BLKd6ID 0000000180019136 f   G1WZrK4kHQSfLP1BLKd6ID_cclib:G1WZrK4kHQSfLP1BLKd6ID_cclib.dll
 0001:0001813c       setSlave_Version_G1WZrK4kHQSfLP1BLKd6ID 000000018001913c f   G1WZrK4kHQSfLP1BLKd6ID_cclib:G1WZrK4kHQSfLP1BLKd6ID_cclib.dll
 0001:00018142       setMaster_Version_G1WZrK4kHQSfLP1BLKd6ID 0000000180019142 f   G1WZrK4kHQSfLP1BLKd6ID_cclib:G1WZrK4kHQSfLP1BLKd6ID_cclib.dll
 0001:00018148       setS_Status_G1WZrK4kHQSfLP1BLKd6ID 0000000180019148 f   G1WZrK4kHQSfLP1BLKd6ID_cclib:G1WZrK4kHQSfLP1BLKd6ID_cclib.dll
 0001:0001814e       setData_G1WZrK4kHQSfLP1BLKd6ID 000000018001914e f   G1WZrK4kHQSfLP1BLKd6ID_cclib:G1WZrK4kHQSfLP1BLKd6ID_cclib.dll
 0001:00018154       setHandled_G1WZrK4kHQSfLP1BLKd6ID 0000000180019154 f   G1WZrK4kHQSfLP1BLKd6ID_cclib:G1WZrK4kHQSfLP1BLKd6ID_cclib.dll
 0001:0001815a       setCurrent_State_G1WZrK4kHQSfLP1BLKd6ID 000000018001915a f   G1WZrK4kHQSfLP1BLKd6ID_cclib:G1WZrK4kHQSfLP1BLKd6ID_cclib.dll
 0001:00018160       getStation_Address_G1WZrK4kHQSfLP1BLKd6ID 0000000180019160 f   G1WZrK4kHQSfLP1BLKd6ID_cclib:G1WZrK4kHQSfLP1BLKd6ID_cclib.dll
 0001:00018166       getSlave_Version_G1WZrK4kHQSfLP1BLKd6ID 0000000180019166 f   G1WZrK4kHQSfLP1BLKd6ID_cclib:G1WZrK4kHQSfLP1BLKd6ID_cclib.dll
 0001:0001816c       getS_Status_G1WZrK4kHQSfLP1BLKd6ID 000000018001916c f   G1WZrK4kHQSfLP1BLKd6ID_cclib:G1WZrK4kHQSfLP1BLKd6ID_cclib.dll
 0001:00018172       getMTAPtr_G1WZrK4kHQSfLP1BLKd6ID 0000000180019172 f   G1WZrK4kHQSfLP1BLKd6ID_cclib:G1WZrK4kHQSfLP1BLKd6ID_cclib.dll
 0001:00018178       getDataPtr_G1WZrK4kHQSfLP1BLKd6ID 0000000180019178 f   G1WZrK4kHQSfLP1BLKd6ID_cclib:G1WZrK4kHQSfLP1BLKd6ID_cclib.dll
 0001:0001817e       c_read_uint8s_G1WZrK4kHQSfLP1BLKd6ID 000000018001917e f   G1WZrK4kHQSfLP1BLKd6ID_cclib:G1WZrK4kHQSfLP1BLKd6ID_cclib.dll
 0001:00018184       c_write_uint8s_G1WZrK4kHQSfLP1BLKd6ID 0000000180019184 f   G1WZrK4kHQSfLP1BLKd6ID_cclib:G1WZrK4kHQSfLP1BLKd6ID_cclib.dll
 0001:0001818a       c_init_daq_list_G1WZrK4kHQSfLP1BLKd6ID 000000018001918a f   G1WZrK4kHQSfLP1BLKd6ID_cclib:G1WZrK4kHQSfLP1BLKd6ID_cclib.dll
 0001:00018190       c_set_element_pointer_G1WZrK4kHQSfLP1BLKd6ID 0000000180019190 f   G1WZrK4kHQSfLP1BLKd6ID_cclib:G1WZrK4kHQSfLP1BLKd6ID_cclib.dll
 0001:00018196       c_write_daq_G1WZrK4kHQSfLP1BLKd6ID 0000000180019196 f   G1WZrK4kHQSfLP1BLKd6ID_cclib:G1WZrK4kHQSfLP1BLKd6ID_cclib.dll
 0001:0001819c       c_start_stop_G1WZrK4kHQSfLP1BLKd6ID 000000018001919c f   G1WZrK4kHQSfLP1BLKd6ID_cclib:G1WZrK4kHQSfLP1BLKd6ID_cclib.dll
 0001:000181a2       c_start_stop_all_G1WZrK4kHQSfLP1BLKd6ID 00000001800191a2 f   G1WZrK4kHQSfLP1BLKd6ID_cclib:G1WZrK4kHQSfLP1BLKd6ID_cclib.dll
 0001:000181a8       c_reset_all_DAQ_lists_G1WZrK4kHQSfLP1BLKd6ID 00000001800191a8 f   G1WZrK4kHQSfLP1BLKd6ID_cclib:G1WZrK4kHQSfLP1BLKd6ID_cclib.dll
 0001:000181b0       __vcrt_initialize          00000001800191b0 f   MSVCRT:ucrt_stubs.obj
 0001:000181b0       __scrt_stub_for_acrt_initialize 00000001800191b0 f   MSVCRT:ucrt_stubs.obj
 0001:000181b0       __acrt_initialize          00000001800191b0 f   MSVCRT:ucrt_stubs.obj
 0001:000181b4       __scrt_stub_for_acrt_thread_attach 00000001800191b4 f   MSVCRT:ucrt_stubs.obj
 0001:000181b4       __vcrt_thread_attach       00000001800191b4 f   MSVCRT:ucrt_stubs.obj
 0001:000181b4       __acrt_thread_attach       00000001800191b4 f   MSVCRT:ucrt_stubs.obj
 0001:000181b8       __acrt_thread_detach       00000001800191b8 f   MSVCRT:ucrt_stubs.obj
 0001:000181b8       __scrt_stub_for_acrt_thread_detach 00000001800191b8 f   MSVCRT:ucrt_stubs.obj
 0001:000181b8       __vcrt_thread_detach       00000001800191b8 f   MSVCRT:ucrt_stubs.obj
 0001:000181bc       __scrt_stub_for_acrt_uninitialize 00000001800191bc f   MSVCRT:ucrt_stubs.obj
 0001:000181bc       __acrt_uninitialize        00000001800191bc f   MSVCRT:ucrt_stubs.obj
 0001:000181bc       __vcrt_uninitialize        00000001800191bc f   MSVCRT:ucrt_stubs.obj
 0001:000181c0       __acrt_uninitialize_critical 00000001800191c0 f   MSVCRT:ucrt_stubs.obj
 0001:000181c0       __vcrt_uninitialize_critical 00000001800191c0 f   MSVCRT:ucrt_stubs.obj
 0001:000181c0       __scrt_stub_for_acrt_uninitialize_critical 00000001800191c0 f   MSVCRT:ucrt_stubs.obj
 0001:000181c4       _is_c_termination_complete 00000001800191c4 f   MSVCRT:ucrt_stubs.obj
 0001:000181c4       __scrt_stub_for_is_c_termination_complete 00000001800191c4 f   MSVCRT:ucrt_stubs.obj
 0001:000181e0       _guard_dispatch_icall_nop  00000001800191e0 f   MSVCRT:guard_dispatch.obj
 0002:00000000       __imp_getMTAPtr_G1WZrK4kHQSfLP1BLKd6ID 000000018001a000     G1WZrK4kHQSfLP1BLKd6ID_cclib:G1WZrK4kHQSfLP1BLKd6ID_cclib.dll
 0002:00000008       __imp_c_reset_all_DAQ_lists_G1WZrK4kHQSfLP1BLKd6ID 000000018001a008     G1WZrK4kHQSfLP1BLKd6ID_cclib:G1WZrK4kHQSfLP1BLKd6ID_cclib.dll
 0002:00000010       __imp_c_start_stop_all_G1WZrK4kHQSfLP1BLKd6ID 000000018001a010     G1WZrK4kHQSfLP1BLKd6ID_cclib:G1WZrK4kHQSfLP1BLKd6ID_cclib.dll
 0002:00000018       __imp_c_start_stop_G1WZrK4kHQSfLP1BLKd6ID 000000018001a018     G1WZrK4kHQSfLP1BLKd6ID_cclib:G1WZrK4kHQSfLP1BLKd6ID_cclib.dll
 0002:00000020       __imp_c_write_daq_G1WZrK4kHQSfLP1BLKd6ID 000000018001a020     G1WZrK4kHQSfLP1BLKd6ID_cclib:G1WZrK4kHQSfLP1BLKd6ID_cclib.dll
 0002:00000028       __imp_c_set_element_pointer_G1WZrK4kHQSfLP1BLKd6ID 000000018001a028     G1WZrK4kHQSfLP1BLKd6ID_cclib:G1WZrK4kHQSfLP1BLKd6ID_cclib.dll
 0002:00000030       __imp_c_init_daq_list_G1WZrK4kHQSfLP1BLKd6ID 000000018001a030     G1WZrK4kHQSfLP1BLKd6ID_cclib:G1WZrK4kHQSfLP1BLKd6ID_cclib.dll
 0002:00000038       __imp_c_write_uint8s_G1WZrK4kHQSfLP1BLKd6ID 000000018001a038     G1WZrK4kHQSfLP1BLKd6ID_cclib:G1WZrK4kHQSfLP1BLKd6ID_cclib.dll
 0002:00000040       __imp_c_read_uint8s_G1WZrK4kHQSfLP1BLKd6ID 000000018001a040     G1WZrK4kHQSfLP1BLKd6ID_cclib:G1WZrK4kHQSfLP1BLKd6ID_cclib.dll
 0002:00000048       __imp_getDataPtr_G1WZrK4kHQSfLP1BLKd6ID 000000018001a048     G1WZrK4kHQSfLP1BLKd6ID_cclib:G1WZrK4kHQSfLP1BLKd6ID_cclib.dll
 0002:00000050       __imp_setStation_Address_G1WZrK4kHQSfLP1BLKd6ID 000000018001a050     G1WZrK4kHQSfLP1BLKd6ID_cclib:G1WZrK4kHQSfLP1BLKd6ID_cclib.dll
 0002:00000058       __imp_getS_Status_G1WZrK4kHQSfLP1BLKd6ID 000000018001a058     G1WZrK4kHQSfLP1BLKd6ID_cclib:G1WZrK4kHQSfLP1BLKd6ID_cclib.dll
 0002:00000060       __imp_getSlave_Version_G1WZrK4kHQSfLP1BLKd6ID 000000018001a060     G1WZrK4kHQSfLP1BLKd6ID_cclib:G1WZrK4kHQSfLP1BLKd6ID_cclib.dll
 0002:00000068       __imp_getStation_Address_G1WZrK4kHQSfLP1BLKd6ID 000000018001a068     G1WZrK4kHQSfLP1BLKd6ID_cclib:G1WZrK4kHQSfLP1BLKd6ID_cclib.dll
 0002:00000070       __imp_setCurrent_State_G1WZrK4kHQSfLP1BLKd6ID 000000018001a070     G1WZrK4kHQSfLP1BLKd6ID_cclib:G1WZrK4kHQSfLP1BLKd6ID_cclib.dll
 0002:00000078       __imp_setHandled_G1WZrK4kHQSfLP1BLKd6ID 000000018001a078     G1WZrK4kHQSfLP1BLKd6ID_cclib:G1WZrK4kHQSfLP1BLKd6ID_cclib.dll
 0002:00000080       __imp_setData_G1WZrK4kHQSfLP1BLKd6ID 000000018001a080     G1WZrK4kHQSfLP1BLKd6ID_cclib:G1WZrK4kHQSfLP1BLKd6ID_cclib.dll
 0002:00000088       __imp_setS_Status_G1WZrK4kHQSfLP1BLKd6ID 000000018001a088     G1WZrK4kHQSfLP1BLKd6ID_cclib:G1WZrK4kHQSfLP1BLKd6ID_cclib.dll
 0002:00000090       __imp_setMaster_Version_G1WZrK4kHQSfLP1BLKd6ID 000000018001a090     G1WZrK4kHQSfLP1BLKd6ID_cclib:G1WZrK4kHQSfLP1BLKd6ID_cclib.dll
 0002:00000098       __imp_setSlave_Version_G1WZrK4kHQSfLP1BLKd6ID 000000018001a098     G1WZrK4kHQSfLP1BLKd6ID_cclib:G1WZrK4kHQSfLP1BLKd6ID_cclib.dll
 0002:000000a0       \177G1WZrK4kHQSfLP1BLKd6ID_cclib_NULL_THUNK_DATA 000000018001a0a0     G1WZrK4kHQSfLP1BLKd6ID_cclib:G1WZrK4kHQSfLP1BLKd6ID_cclib.dll
 0002:000000a8       __imp_RtlLookupFunctionEntry 000000018001a0a8     kernel32:KERNEL32.dll
 0002:000000b0       __imp_RtlVirtualUnwind     000000018001a0b0     kernel32:KERNEL32.dll
 0002:000000b8       __imp_UnhandledExceptionFilter 000000018001a0b8     kernel32:KERNEL32.dll
 0002:000000c0       __imp_SetUnhandledExceptionFilter 000000018001a0c0     kernel32:KERNEL32.dll
 0002:000000c8       __imp_GetCurrentProcess    000000018001a0c8     kernel32:KERNEL32.dll
 0002:000000d0       __imp_TerminateProcess     000000018001a0d0     kernel32:KERNEL32.dll
 0002:000000d8       __imp_IsProcessorFeaturePresent 000000018001a0d8     kernel32:KERNEL32.dll
 0002:000000e0       __imp_QueryPerformanceCounter 000000018001a0e0     kernel32:KERNEL32.dll
 0002:000000e8       __imp_GetCurrentProcessId  000000018001a0e8     kernel32:KERNEL32.dll
 0002:000000f0       __imp_GetCurrentThreadId   000000018001a0f0     kernel32:KERNEL32.dll
 0002:000000f8       __imp_GetSystemTimeAsFileTime 000000018001a0f8     kernel32:KERNEL32.dll
 0002:00000100       __imp_DisableThreadLibraryCalls 000000018001a100     kernel32:KERNEL32.dll
 0002:00000108       __imp_InitializeSListHead  000000018001a108     kernel32:KERNEL32.dll
 0002:00000110       __imp_RtlCaptureContext    000000018001a110     kernel32:KERNEL32.dll
 0002:00000118       __imp_IsDebuggerPresent    000000018001a118     kernel32:KERNEL32.dll
 0002:00000120       __imp_GetStartupInfoW      000000018001a120     kernel32:KERNEL32.dll
 0002:00000128       __imp_GetModuleHandleW     000000018001a128     kernel32:KERNEL32.dll
 0002:00000130       \177KERNEL32_NULL_THUNK_DATA 000000018001a130     kernel32:KERNEL32.dll
 0002:00000138       __imp_memcpy               000000018001a138     vcruntime:VCRUNTIME140.dll
 0002:00000140       __imp_memset               000000018001a140     vcruntime:VCRUNTIME140.dll
 0002:00000148       __imp___C_specific_handler 000000018001a148     vcruntime:VCRUNTIME140.dll
 0002:00000150       __imp___std_type_info_destroy_list 000000018001a150     vcruntime:VCRUNTIME140.dll
 0002:00000158       __imp___current_exception  000000018001a158     vcruntime:VCRUNTIME140.dll
 0002:00000160       __imp___current_exception_context 000000018001a160     vcruntime:VCRUNTIME140.dll
 0002:00000168       \177VCRUNTIME140_NULL_THUNK_DATA 000000018001a168     vcruntime:VCRUNTIME140.dll
 0002:00000170       __imp_free                 000000018001a170     ucrt:api-ms-win-crt-heap-l1-1-0.dll
 0002:00000178       __imp_malloc               000000018001a178     ucrt:api-ms-win-crt-heap-l1-1-0.dll
 0002:00000180       \177api-ms-win-crt-heap-l1-1-0_NULL_THUNK_DATA 000000018001a180     ucrt:api-ms-win-crt-heap-l1-1-0.dll
 0002:00000188       __imp__initterm_e          000000018001a188     ucrt:api-ms-win-crt-runtime-l1-1-0.dll
 0002:00000190       __imp_terminate            000000018001a190     ucrt:api-ms-win-crt-runtime-l1-1-0.dll
 0002:00000198       __imp__cexit               000000018001a198     ucrt:api-ms-win-crt-runtime-l1-1-0.dll
 0002:000001a0       __imp__initterm            000000018001a1a0     ucrt:api-ms-win-crt-runtime-l1-1-0.dll
 0002:000001a8       __imp__seh_filter_dll      000000018001a1a8     ucrt:api-ms-win-crt-runtime-l1-1-0.dll
 0002:000001b0       __imp__configure_narrow_argv 000000018001a1b0     ucrt:api-ms-win-crt-runtime-l1-1-0.dll
 0002:000001b8       __imp__initialize_narrow_environment 000000018001a1b8     ucrt:api-ms-win-crt-runtime-l1-1-0.dll
 0002:000001c0       __imp__initialize_onexit_table 000000018001a1c0     ucrt:api-ms-win-crt-runtime-l1-1-0.dll
 0002:000001c8       __imp__register_onexit_function 000000018001a1c8     ucrt:api-ms-win-crt-runtime-l1-1-0.dll
 0002:000001d0       __imp__execute_onexit_table 000000018001a1d0     ucrt:api-ms-win-crt-runtime-l1-1-0.dll
 0002:000001d8       __imp__crt_atexit          000000018001a1d8     ucrt:api-ms-win-crt-runtime-l1-1-0.dll
 0002:000001e0       __imp__crt_at_quick_exit   000000018001a1e0     ucrt:api-ms-win-crt-runtime-l1-1-0.dll
 0002:000001e8       \177api-ms-win-crt-runtime-l1-1-0_NULL_THUNK_DATA 000000018001a1e8     ucrt:api-ms-win-crt-runtime-l1-1-0.dll
 0002:000001f0       __imp___stdio_common_vsprintf 000000018001a1f0     ucrt:api-ms-win-crt-stdio-l1-1-0.dll
 0002:000001f8       \177api-ms-win-crt-stdio-l1-1-0_NULL_THUNK_DATA 000000018001a1f8     ucrt:api-ms-win-crt-stdio-l1-1-0.dll
 0002:00000200       __imp_strlen               000000018001a200     ucrt:api-ms-win-crt-string-l1-1-0.dll
 0002:00000208       __imp_strcmp               000000018001a208     ucrt:api-ms-win-crt-string-l1-1-0.dll
 0002:00000210       __imp_strcat               000000018001a210     ucrt:api-ms-win-crt-string-l1-1-0.dll
 0002:00000218       \177api-ms-win-crt-string-l1-1-0_NULL_THUNK_DATA 000000018001a218     ucrt:api-ms-win-crt-string-l1-1-0.dll
 0002:00000220       __imp_covrtSigUpdateFcn    000000018001a220     libcovrt:libcovrt.dll
 0002:00000228       __imp_covrtCondUpdateFcn   000000018001a228     libcovrt:libcovrt.dll
 0002:00000230       __imp_covrtTransitionDecUpdateFcn 000000018001a230     libcovrt:libcovrt.dll
 0002:00000238       __imp_covrtDecUpdateFcn    000000018001a238     libcovrt:libcovrt.dll
 0002:00000240       __imp_covrtRelationalopUpdateFcn 000000018001a240     libcovrt:libcovrt.dll
 0002:00000248       __imp_covrtChartInitFcn    000000018001a248     libcovrt:libcovrt.dll
 0002:00000250       __imp_covrtCreateStateflowInstanceData 000000018001a250     libcovrt:libcovrt.dll
 0002:00000258       __imp_covrtDeleteStateflowInstanceData 000000018001a258     libcovrt:libcovrt.dll
 0002:00000260       __imp_covrtRelationalopInitFcn 000000018001a260     libcovrt:libcovrt.dll
 0002:00000268       __imp_covrtTransInitFcn    000000018001a268     libcovrt:libcovrt.dll
 0002:00000270       __imp_covrtStateInitFcn    000000018001a270     libcovrt:libcovrt.dll
 0002:00000278       \177libcovrt_NULL_THUNK_DATA 000000018001a278     libcovrt:libcovrt.dll
 0002:00000280       __imp_mexWarnMsgTxt_800    000000018001a280     libmex:libmex.dll
 0002:00000288       __imp_mexCallMATLAB_800    000000018001a288     libmex:libmex.dll
 0002:00000290       __imp_mexLock_800          000000018001a290     libmex:libmex.dll
 0002:00000298       __imp_mexUnlock_800        000000018001a298     libmex:libmex.dll
 0002:000002a0       __imp_mexErrMsgTxt_800     000000018001a2a0     libmex:libmex.dll
 0002:000002a8       __imp_mexIsLocked_800      000000018001a2a8     libmex:libmex.dll
 0002:000002b0       __imp_mexMakeArrayPersistent_800 000000018001a2b0     libmex:libmex.dll
 0002:000002b8       \177libmex_NULL_THUNK_DATA 000000018001a2b8     libmex:libmex.dll
 0002:000002c0       __imp_slcovUploadCoverageSynthesisBySimstruct 000000018001a2c0     libmwsl_sfcn_cov_bridge:libmwsl_sfcn_cov_bridge.dll
 0002:000002c8       \177libmwsl_sfcn_cov_bridge_NULL_THUNK_DATA 000000018001a2c8     libmwsl_sfcn_cov_bridge:libmwsl_sfcn_cov_bridge.dll
 0002:000002d0       __imp_mxGetScalar_800      000000018001a2d0     libmx:libmx.dll
 0002:000002d8       __imp_mxGetPr_800          000000018001a2d8     libmx:libmx.dll
 0002:000002e0       __imp_mxDestroyArray_800   000000018001a2e0     libmx:libmx.dll
 0002:000002e8       __imp_mxCreateDoubleMatrix_800 000000018001a2e8     libmx:libmx.dll
 0002:000002f0       __imp_mxCreateStructMatrix_800 000000018001a2f0     libmx:libmx.dll
 0002:000002f8       __imp_mxCreateCellMatrix_800 000000018001a2f8     libmx:libmx.dll
 0002:00000300       __imp_mxSetField_800       000000018001a300     libmx:libmx.dll
 0002:00000308       __imp_mxDuplicateArray_800 000000018001a308     libmx:libmx.dll
 0002:00000310       __imp_mxCreateString_800   000000018001a310     libmx:libmx.dll
 0002:00000318       __imp_mxCreateDoubleScalar_800 000000018001a318     libmx:libmx.dll
 0002:00000320       __imp_mxGetN_800           000000018001a320     libmx:libmx.dll
 0002:00000328       __imp_mxIsComplex_800      000000018001a328     libmx:libmx.dll
 0002:00000330       __imp_mxIsNumeric_800      000000018001a330     libmx:libmx.dll
 0002:00000338       __imp_mxGetClassID_800     000000018001a338     libmx:libmx.dll
 0002:00000340       __imp_mxGetM_800           000000018001a340     libmx:libmx.dll
 0002:00000348       __imp_mxCalloc_800         000000018001a348     libmx:libmx.dll
 0002:00000350       __imp_mxGetString_800      000000018001a350     libmx:libmx.dll
 0002:00000358       __imp_mxIsChar_800         000000018001a358     libmx:libmx.dll
 0002:00000360       \177libmx_NULL_THUNK_DATA  000000018001a360     libmx:libmx.dll
 0002:00000368       __imp_utFree               000000018001a368     libut:libut.dll
 0002:00000370       __imp_utMalloc             000000018001a370     libut:libut.dll
 0002:00000378       \177libut_NULL_THUNK_DATA  000000018001a378     libut:libut.dll
 0002:00000380       __imp_sf_get_ChartInfoStruct_CodeGen 000000018001a380     sf_runtime:sf_runtime.dll
 0002:00000388       __imp_sf_data_overflow_error 000000018001a388     sf_runtime:sf_runtime.dll
 0002:00000390       __imp_ssGetInputPortSignal_wrapper 000000018001a390     sf_runtime:sf_runtime.dll
 0002:00000398       __imp_sf_mex_duplicatearraysafe 000000018001a398     sf_runtime:sf_runtime.dll
 0002:000003a0       __imp_sf_mex_import_named  000000018001a3a0     sf_runtime:sf_runtime.dll
 0002:000003a8       __imp_sf_mex_import        000000018001a3a8     sf_runtime:sf_runtime.dll
 0002:000003b0       __imp_sf_mex_destroy       000000018001a3b0     sf_runtime:sf_runtime.dll
 0002:000003b8       __imp_sf_mex_dup           000000018001a3b8     sf_runtime:sf_runtime.dll
 0002:000003c0       __imp_sf_mex_assign        000000018001a3c0     sf_runtime:sf_runtime.dll
 0002:000003c8       __imp_sf_mex_getcell       000000018001a3c8     sf_runtime:sf_runtime.dll
 0002:000003d0       __imp_sf_mex_setcell       000000018001a3d0     sf_runtime:sf_runtime.dll
 0002:000003d8       __imp_sf_mex_createcellmatrix 000000018001a3d8     sf_runtime:sf_runtime.dll
 0002:000003e0       __imp_sf_mex_create        000000018001a3e0     sf_runtime:sf_runtime.dll
 0002:000003e8       __imp_sf_mex_error_message 000000018001a3e8     sf_runtime:sf_runtime.dll
 0002:000003f0       __imp_sfListenerLightTerminate 000000018001a3f0     sf_runtime:sf_runtime.dll
 0002:000003f8       __imp_sfListenerCacheSimStruct 000000018001a3f8     sf_runtime:sf_runtime.dll
 0002:00000400       __imp_sf_set_work_widths   000000018001a400     sf_runtime:sf_runtime.dll
 0002:00000408       __imp_sf_warn_if_symbolic_dimension_param_changed 000000018001a408     sf_runtime:sf_runtime.dll
 0002:00000410       __imp_setDebuggerFlag      000000018001a410     sf_runtime:sf_runtime.dll
 0002:00000418       __imp_setLegacyDebuggerFlag 000000018001a418     sf_runtime:sf_runtime.dll
 0002:00000420       __imp_setDataBrowseFcn     000000018001a420     sf_runtime:sf_runtime.dll
 0002:00000428       __imp_sfDoAnimationWrapper 000000018001a428     sf_runtime:sf_runtime.dll
 0002:00000430       __imp_sf_force_animation_for_chart_exec_at_init 000000018001a430     sf_runtime:sf_runtime.dll
 0002:00000438       __imp_sf_get_time          000000018001a438     sf_runtime:sf_runtime.dll
 0002:00000440       __imp_sf_clear_rtw_identifier 000000018001a440     sf_runtime:sf_runtime.dll
 0002:00000448       __imp_sf_mex_get_sfun_param 000000018001a448     sf_runtime:sf_runtime.dll
 0002:00000450       __imp_sim_mode_is_external 000000018001a450     sf_runtime:sf_runtime.dll
 0002:00000458       __imp_sf_get_chart_instance_ptr 000000018001a458     sf_runtime:sf_runtime.dll
 0002:00000460       __imp_sfrtGetCovrtInstance 000000018001a460     sf_runtime:sf_runtime.dll
 0002:00000468       __imp_sfrtGetEmlrtCtx      000000018001a468     sf_runtime:sf_runtime.dll
 0002:00000470       __imp_sf_free_ChartRunTimeInfo 000000018001a470     sf_runtime:sf_runtime.dll
 0002:00000478       __imp_sf_init_ChartRunTimeInfo 000000018001a478     sf_runtime:sf_runtime.dll
 0002:00000480       __imp_sf_mex_decode        000000018001a480     sf_runtime:sf_runtime.dll
 0002:00000488       __imp_sf_clear_error_manager_info 000000018001a488     sf_runtime:sf_runtime.dll
 0002:00000490       __imp_sf_mex_error_direct_call 000000018001a490     sf_runtime:sf_runtime.dll
 0002:00000498       __imp_getRuntimeInstanceInfoAsVoid 000000018001a498     sf_runtime:sf_runtime.dll
 0002:000004a0       __imp_call_sf_machine_global_method_dispatcher 000000018001a4a0     sf_runtime:sf_runtime.dll
 0002:000004a8       __imp_sim_mode_is_rtw_gen  000000018001a4a8     sf_runtime:sf_runtime.dll
 0002:000004b0       __imp_callMdlMethodAndReportError 000000018001a4b0     sf_runtime:sf_runtime.dll
 0002:000004b8       __imp_sf_get_hasSeparateUpdateOutputs 000000018001a4b8     sf_runtime:sf_runtime.dll
 0002:000004c0       __imp_sf_load_rtw_optimization_info 000000018001a4c0     sf_runtime:sf_runtime.dll
 0002:000004c8       \177sf_runtime_NULL_THUNK_DATA 000000018001a4c8     sf_runtime:sf_runtime.dll
 0002:000004d0       __guard_check_icall_fptr   000000018001a4d0     MSVCRT:guard_support.obj
 0002:000004d8       __guard_dispatch_icall_fptr 000000018001a4d8     MSVCRT:guard_support.obj
 0002:000004e0       __xc_a                     000000018001a4e0     MSVCRT:initializers.obj
 0002:000004e8       __xc_z                     000000018001a4e8     MSVCRT:initializers.obj
 0002:000004f0       __xi_a                     000000018001a4f0     MSVCRT:initializers.obj
 0002:000004f8       __xi_z                     000000018001a4f8     MSVCRT:initializers.obj
 0002:00000500       __xp_a                     000000018001a500     MSVCRT:initializers.obj
 0002:00000508       __xp_z                     000000018001a508     MSVCRT:initializers.obj
 0002:00000510       __xt_a                     000000018001a510     MSVCRT:initializers.obj
 0002:00000518       __xt_z                     000000018001a518     MSVCRT:initializers.obj
 0002:00000520       __real@41bee59f28000000    000000018001a520     Fuel_Pump_V3_1_20201113_20KHz_sfun.obj
 0002:00000528       __real@41cd0f763d800000    000000018001a528     Fuel_Pump_V3_1_20201113_20KHz_sfun.obj
 0002:00000530       __real@41d32f409d800000    000000018001a530     Fuel_Pump_V3_1_20201113_20KHz_sfun.obj
 0002:00000538       __real@41d72f00ed400000    000000018001a538     Fuel_Pump_V3_1_20201113_20KHz_sfun.obj
 0002:00000540       __real@41d9722a92800000    000000018001a540     Fuel_Pump_V3_1_20201113_20KHz_sfun.obj
 0002:00000548       __real@41dc67c90c400000    000000018001a548     Fuel_Pump_V3_1_20201113_20KHz_sfun.obj
 0002:00000550       __real@41dd232e53400000    000000018001a550     Fuel_Pump_V3_1_20201113_20KHz_sfun.obj
 0002:00000558       __real@41e794e786000000    000000018001a558     Fuel_Pump_V3_1_20201113_20KHz_sfun.obj
 0002:00000560       __real@41e7b2173b000000    000000018001a560     Fuel_Pump_V3_1_20201113_20KHz_sfun.obj
 0002:00000568       __real@41eb45693d800000    000000018001a568     Fuel_Pump_V3_1_20201113_20KHz_sfun.obj
 0002:00000570       __real@41ec68e82c200000    000000018001a570     Fuel_Pump_V3_1_20201113_20KHz_sfun.obj
 0002:00000578       __real@41ee2b2c82200000    000000018001a578     Fuel_Pump_V3_1_20201113_20KHz_sfun.obj
 0002:00000580       DYNAMIC_DIMENSION_DEF      000000018001a580     Fuel_Pump_V3_1_20201113_20KHz_sfun_registry.obj
 0002:00000598       __real@0000000000000000    000000018001a598     Fuel_Pump_V3_1_20201113_20KHz_sfun_registry.obj
 0002:000005a0       __real@4010000000000000    000000018001a5a0     Fuel_Pump_V3_1_20201113_20KHz_sfun_registry.obj
 0002:000005a8       __real@41602cbca0000000    000000018001a5a8     Fuel_Pump_V3_1_20201113_20KHz_sfun_registry.obj
 0002:000005b0       __real@bff0000000000000    000000018001a5b0     Fuel_Pump_V3_1_20201113_20KHz_sfun_registry.obj
 0002:000005b8       __real@41bf331d75000000    000000018001a5b8     canblocks_extras_sfun:canblocks_extras_sfun.obj
 0002:000005c0       __real@41d0226292c00000    000000018001a5c0     canblocks_extras_sfun:canblocks_extras_sfun.obj
 0002:000005c8       __real@41e7acbab1000000    000000018001a5c8     canblocks_extras_sfun:canblocks_extras_sfun.obj
 0002:000005d0       __real@41edd66b84600000    000000018001a5d0     canblocks_extras_sfun:canblocks_extras_sfun.obj
 0002:00000ab8       __real@3ff0000000000000    000000018001aab8     canblocks_extras_sfun:c28_canblocks_extras.obj
 0002:00000ac0       __real@40f0000000000000    000000018001aac0     canblocks_extras_sfun:c28_canblocks_extras.obj
 0002:00000ac8       __real@41b1e1b140000000    000000018001aac8     canblocks_extras_sfun:c28_canblocks_extras.obj
 0002:00000ad0       __real@41e499c3d7400000    000000018001aad0     canblocks_extras_sfun:c28_canblocks_extras.obj
 0002:00000ad8       __real@41e82aa8fca00000    000000018001aad8     canblocks_extras_sfun:c28_canblocks_extras.obj
 0002:00000ae0       __real@41ecee486bc00000    000000018001aae0     canblocks_extras_sfun:c28_canblocks_extras.obj
 0002:00000af8       _pDefaultRawDllMain        000000018001aaf8     MSVCRT:dll_dllmain.obj
 0002:00000af8       _pRawDllMain               000000018001aaf8     MSVCRT:dll_dllmain.obj
 0002:00000b00       __xmm@ffffffffffffffffffffffffffffffff 000000018001ab00     MSVCRT:utility.obj
 0002:00000b30       _load_config_used          000000018001ab30     MSVCRT:loadcfg.obj
 0002:00000e50       __rtc_iaa                  000000018001ae50     MSVCRT:initsect.obj
 0002:00000e58       __rtc_izz                  000000018001ae58     MSVCRT:initsect.obj
 0002:00000e60       __rtc_taa                  000000018001ae60     MSVCRT:initsect.obj
 0002:00000e68       __rtc_tzz                  000000018001ae68     MSVCRT:initsect.obj
 0002:000018cc       __IMPORT_DESCRIPTOR_sf_runtime 000000018001b8cc     sf_runtime:sf_runtime.dll
 0002:000018e0       __IMPORT_DESCRIPTOR_libmx  000000018001b8e0     libmx:libmx.dll
 0002:000018f4       __IMPORT_DESCRIPTOR_libmex 000000018001b8f4     libmex:libmex.dll
 0002:00001908       __IMPORT_DESCRIPTOR_libut  000000018001b908     libut:libut.dll
 0002:0000191c       __IMPORT_DESCRIPTOR_libmwsl_sfcn_cov_bridge 000000018001b91c     libmwsl_sfcn_cov_bridge:libmwsl_sfcn_cov_bridge.dll
 0002:00001930       __IMPORT_DESCRIPTOR_libcovrt 000000018001b930     libcovrt:libcovrt.dll
 0002:00001944       __IMPORT_DESCRIPTOR_KERNEL32 000000018001b944     kernel32:KERNEL32.dll
 0002:00001958       __IMPORT_DESCRIPTOR_VCRUNTIME140 000000018001b958     vcruntime:VCRUNTIME140.dll
 0002:0000196c       __IMPORT_DESCRIPTOR_api-ms-win-crt-string-l1-1-0 000000018001b96c     ucrt:api-ms-win-crt-string-l1-1-0.dll
 0002:00001980       __IMPORT_DESCRIPTOR_api-ms-win-crt-stdio-l1-1-0 000000018001b980     ucrt:api-ms-win-crt-stdio-l1-1-0.dll
 0002:00001994       __IMPORT_DESCRIPTOR_api-ms-win-crt-heap-l1-1-0 000000018001b994     ucrt:api-ms-win-crt-heap-l1-1-0.dll
 0002:000019a8       __IMPORT_DESCRIPTOR_api-ms-win-crt-runtime-l1-1-0 000000018001b9a8     ucrt:api-ms-win-crt-runtime-l1-1-0.dll
 0002:000019bc       __IMPORT_DESCRIPTOR_G1WZrK4kHQSfLP1BLKd6ID_cclib 000000018001b9bc     G1WZrK4kHQSfLP1BLKd6ID_cclib:G1WZrK4kHQSfLP1BLKd6ID_cclib.dll
 0002:000019d0       __NULL_IMPORT_DESCRIPTOR   000000018001b9d0     sf_runtime:sf_runtime.dll
 0003:00000100       DYNAMIC_DIMENSION          000000018001d100     Fuel_Pump_V3_1_20201113_20KHz_sfun_registry.obj
 0003:00003430       __security_cookie_complement 0000000180020430     MSVCRT:gs_cookie.obj
 0003:00003438       __security_cookie          0000000180020438     MSVCRT:gs_cookie.obj
 0003:00003440       _fltused                   0000000180020440     MSVCRT:fltused.obj
 0003:00003444       __scrt_native_dllmain_reason 0000000180020444     MSVCRT:utility.obj
 0003:00003448       __isa_available            0000000180020448     MSVCRT:cpu_disp.obj
 0003:0000344c       __isa_enabled              000000018002044c     MSVCRT:cpu_disp.obj
 0003:00003450       __memcpy_nt_iters          0000000180020450     MSVCRT:cpu_disp.obj
 0003:00003458       __memset_nt_iters          0000000180020458     MSVCRT:cpu_disp.obj
 0003:00003460       __scrt_ucrt_dll_is_in_use  0000000180020460     MSVCRT:ucrt_stubs.obj
 0003:000041f0       ?__type_info_root_node@@3U__type_info_node@@A 00000001800211f0     MSVCRT:tncleanup.obj
 0003:00004200       ?_OptionsStorage@?1??__local_stdio_printf_options@@9@4_KA 0000000180021200     MSVCRT:default_local_stdio_options.obj
 0003:00004208       ?_OptionsStorage@?1??__local_stdio_scanf_options@@9@4_KA 0000000180021208     MSVCRT:default_local_stdio_options.obj
 0003:00004210       __scrt_current_native_startup_state 0000000180021210     MSVCRT:utility.obj
 0003:00004218       __scrt_native_startup_lock 0000000180021218     MSVCRT:utility.obj
 0003:00004258       __scrt_debugger_hook_flag  0000000180021258     MSVCRT:utility_desktop.obj
 0003:0000425c       __favor                    000000018002125c     MSVCRT:cpu_disp.obj
 0003:00004260       ?_OptionsStorage@?1??__local_stdio_printf_options@@9@9 0000000180021260     <common>
 0003:00004268       __dyn_tls_init_callback    0000000180021268     <common>

 entry point at        0001:00017578

 Static symbols

 0000:00000000       .debug$S                   0000000180000000     Fuel_Pump_V3_1_20201113_20KHz_sfun.exp
 0002:fffe6000       __guard_fids_?dllmain_dispatch@@YAHQEAUHINSTANCE__@@KQEAX@Z 0000000180000000     MSVCRT:dll_dllmain.obj
 0002:fffe6000       __guard_fids__             0000000180000000     MSVCRT:guard_support.obj
 0002:fffe6000       __guard_fids__guard_icall_checks_enforced 0000000180000000     MSVCRT:guard_support.obj
 0002:fffe6000       __guard_fids___scrt_set_unhandled_exception_filter 0000000180000000     MSVCRT:utility_desktop.obj
 0000:00000000       .debug$S                   0000000180000000     vcruntime:VCRUNTIME140.dll
 0000:00000000       .debug$S                   0000000180000000     vcruntime:VCRUNTIME140.dll
 0000:00000000       .debug$S                   0000000180000000     vcruntime:VCRUNTIME140.dll
 0000:00000000       .debug$S                   0000000180000000     vcruntime:VCRUNTIME140.dll
 0000:00000000       .debug$S                   0000000180000000     vcruntime:VCRUNTIME140.dll
 0000:00000000       .debug$S                   0000000180000000     vcruntime:VCRUNTIME140.dll
 0000:00000000       .debug$S                   0000000180000000     libcovrt:libcovrt.dll
 0000:00000000       .debug$S                   0000000180000000     libcovrt:libcovrt.dll
 0000:00000000       .debug$S                   0000000180000000     libcovrt:libcovrt.dll
 0000:00000000       .debug$S                   0000000180000000     libcovrt:libcovrt.dll
 0000:00000000       .debug$S                   0000000180000000     libcovrt:libcovrt.dll
 0000:00000000       .debug$S                   0000000180000000     libcovrt:libcovrt.dll
 0000:00000000       .debug$S                   0000000180000000     libcovrt:libcovrt.dll
 0000:00000000       .debug$S                   0000000180000000     libcovrt:libcovrt.dll
 0000:00000000       .debug$S                   0000000180000000     libcovrt:libcovrt.dll
 0000:00000000       .debug$S                   0000000180000000     libcovrt:libcovrt.dll
 0000:00000000       .debug$S                   0000000180000000     libcovrt:libcovrt.dll
 0000:00000000       .debug$S                   0000000180000000     libmex:libmex.dll
 0000:00000000       .debug$S                   0000000180000000     libmex:libmex.dll
 0000:00000000       .debug$S                   0000000180000000     libmex:libmex.dll
 0000:00000000       .debug$S                   0000000180000000     libmex:libmex.dll
 0000:00000000       .debug$S                   0000000180000000     libmex:libmex.dll
 0000:00000000       .debug$S                   0000000180000000     libmex:libmex.dll
 0000:00000000       .debug$S                   0000000180000000     libmex:libmex.dll
 0000:00000000       .debug$S                   0000000180000000     libmwsl_sfcn_cov_bridge:libmwsl_sfcn_cov_bridge.dll
 0000:00000000       .debug$S                   0000000180000000     libmx:libmx.dll
 0000:00000000       .debug$S                   0000000180000000     libmx:libmx.dll
 0000:00000000       .debug$S                   0000000180000000     libmx:libmx.dll
 0000:00000000       .debug$S                   0000000180000000     libmx:libmx.dll
 0000:00000000       .debug$S                   0000000180000000     libmx:libmx.dll
 0000:00000000       .debug$S                   0000000180000000     libmx:libmx.dll
 0000:00000000       .debug$S                   0000000180000000     libmx:libmx.dll
 0000:00000000       .debug$S                   0000000180000000     libmx:libmx.dll
 0000:00000000       .debug$S                   0000000180000000     libmx:libmx.dll
 0000:00000000       .debug$S                   0000000180000000     libmx:libmx.dll
 0000:00000000       .debug$S                   0000000180000000     libmx:libmx.dll
 0000:00000000       .debug$S                   0000000180000000     libmx:libmx.dll
 0000:00000000       .debug$S                   0000000180000000     libmx:libmx.dll
 0000:00000000       .debug$S                   0000000180000000     libmx:libmx.dll
 0000:00000000       .debug$S                   0000000180000000     libmx:libmx.dll
 0000:00000000       .debug$S                   0000000180000000     libmx:libmx.dll
 0000:00000000       .debug$S                   0000000180000000     libmx:libmx.dll
 0000:00000000       .debug$S                   0000000180000000     libmx:libmx.dll
 0000:00000000       .debug$S                   0000000180000000     libut:libut.dll
 0000:00000000       .debug$S                   0000000180000000     libut:libut.dll
 0000:00000000       .debug$S                   0000000180000000     sf_runtime:sf_runtime.dll
 0000:00000000       .debug$S                   0000000180000000     sf_runtime:sf_runtime.dll
 0000:00000000       .debug$S                   0000000180000000     sf_runtime:sf_runtime.dll
 0000:00000000       .debug$S                   0000000180000000     sf_runtime:sf_runtime.dll
 0000:00000000       .debug$S                   0000000180000000     sf_runtime:sf_runtime.dll
 0000:00000000       .debug$S                   0000000180000000     sf_runtime:sf_runtime.dll
 0000:00000000       .debug$S                   0000000180000000     sf_runtime:sf_runtime.dll
 0000:00000000       .debug$S                   0000000180000000     sf_runtime:sf_runtime.dll
 0000:00000000       .debug$S                   0000000180000000     sf_runtime:sf_runtime.dll
 0000:00000000       .debug$S                   0000000180000000     sf_runtime:sf_runtime.dll
 0000:00000000       .debug$S                   0000000180000000     sf_runtime:sf_runtime.dll
 0000:00000000       .debug$S                   0000000180000000     sf_runtime:sf_runtime.dll
 0000:00000000       .debug$S                   0000000180000000     sf_runtime:sf_runtime.dll
 0000:00000000       .debug$S                   0000000180000000     sf_runtime:sf_runtime.dll
 0000:00000000       .debug$S                   0000000180000000     sf_runtime:sf_runtime.dll
 0000:00000000       .debug$S                   0000000180000000     sf_runtime:sf_runtime.dll
 0000:00000000       .debug$S                   0000000180000000     sf_runtime:sf_runtime.dll
 0000:00000000       .debug$S                   0000000180000000     sf_runtime:sf_runtime.dll
 0000:00000000       .debug$S                   0000000180000000     sf_runtime:sf_runtime.dll
 0000:00000000       .debug$S                   0000000180000000     sf_runtime:sf_runtime.dll
 0000:00000000       .debug$S                   0000000180000000     sf_runtime:sf_runtime.dll
 0000:00000000       .debug$S                   0000000180000000     sf_runtime:sf_runtime.dll
 0000:00000000       .debug$S                   0000000180000000     sf_runtime:sf_runtime.dll
 0000:00000000       .debug$S                   0000000180000000     sf_runtime:sf_runtime.dll
 0000:00000000       .debug$S                   0000000180000000     sf_runtime:sf_runtime.dll
 0000:00000000       .debug$S                   0000000180000000     sf_runtime:sf_runtime.dll
 0000:00000000       .debug$S                   0000000180000000     sf_runtime:sf_runtime.dll
 0000:00000000       .debug$S                   0000000180000000     sf_runtime:sf_runtime.dll
 0000:00000000       .debug$S                   0000000180000000     sf_runtime:sf_runtime.dll
 0000:00000000       .debug$S                   0000000180000000     sf_runtime:sf_runtime.dll
 0000:00000000       .debug$S                   0000000180000000     sf_runtime:sf_runtime.dll
 0000:00000000       .debug$S                   0000000180000000     sf_runtime:sf_runtime.dll
 0000:00000000       .debug$S                   0000000180000000     sf_runtime:sf_runtime.dll
 0000:00000000       .debug$S                   0000000180000000     sf_runtime:sf_runtime.dll
 0000:00000000       .debug$S                   0000000180000000     sf_runtime:sf_runtime.dll
 0000:00000000       .debug$S                   0000000180000000     sf_runtime:sf_runtime.dll
 0000:00000000       .debug$S                   0000000180000000     sf_runtime:sf_runtime.dll
 0000:00000000       .debug$S                   0000000180000000     sf_runtime:sf_runtime.dll
 0000:00000000       .debug$S                   0000000180000000     sf_runtime:sf_runtime.dll
 0000:00000000       .debug$S                   0000000180000000     sf_runtime:sf_runtime.dll
 0000:00000000       .debug$S                   0000000180000000     sf_runtime:sf_runtime.dll
 0000:00000000       .debug$S                   0000000180000000     G1WZrK4kHQSfLP1BLKd6ID_cclib:G1WZrK4kHQSfLP1BLKd6ID_cclib.dll
 0000:00000000       .debug$S                   0000000180000000     G1WZrK4kHQSfLP1BLKd6ID_cclib:G1WZrK4kHQSfLP1BLKd6ID_cclib.dll
 0000:00000000       .debug$S                   0000000180000000     G1WZrK4kHQSfLP1BLKd6ID_cclib:G1WZrK4kHQSfLP1BLKd6ID_cclib.dll
 0000:00000000       .debug$S                   0000000180000000     G1WZrK4kHQSfLP1BLKd6ID_cclib:G1WZrK4kHQSfLP1BLKd6ID_cclib.dll
 0000:00000000       .debug$S                   0000000180000000     G1WZrK4kHQSfLP1BLKd6ID_cclib:G1WZrK4kHQSfLP1BLKd6ID_cclib.dll
 0000:00000000       .debug$S                   0000000180000000     G1WZrK4kHQSfLP1BLKd6ID_cclib:G1WZrK4kHQSfLP1BLKd6ID_cclib.dll
 0000:00000000       .debug$S                   0000000180000000     G1WZrK4kHQSfLP1BLKd6ID_cclib:G1WZrK4kHQSfLP1BLKd6ID_cclib.dll
 0000:00000000       .debug$S                   0000000180000000     G1WZrK4kHQSfLP1BLKd6ID_cclib:G1WZrK4kHQSfLP1BLKd6ID_cclib.dll
 0000:00000000       .debug$S                   0000000180000000     G1WZrK4kHQSfLP1BLKd6ID_cclib:G1WZrK4kHQSfLP1BLKd6ID_cclib.dll
 0000:00000000       .debug$S                   0000000180000000     G1WZrK4kHQSfLP1BLKd6ID_cclib:G1WZrK4kHQSfLP1BLKd6ID_cclib.dll
 0000:00000000       .debug$S                   0000000180000000     G1WZrK4kHQSfLP1BLKd6ID_cclib:G1WZrK4kHQSfLP1BLKd6ID_cclib.dll
 0000:00000000       .debug$S                   0000000180000000     G1WZrK4kHQSfLP1BLKd6ID_cclib:G1WZrK4kHQSfLP1BLKd6ID_cclib.dll
 0000:00000000       .debug$S                   0000000180000000     G1WZrK4kHQSfLP1BLKd6ID_cclib:G1WZrK4kHQSfLP1BLKd6ID_cclib.dll
 0000:00000000       .debug$S                   0000000180000000     G1WZrK4kHQSfLP1BLKd6ID_cclib:G1WZrK4kHQSfLP1BLKd6ID_cclib.dll
 0000:00000000       .debug$S                   0000000180000000     G1WZrK4kHQSfLP1BLKd6ID_cclib:G1WZrK4kHQSfLP1BLKd6ID_cclib.dll
 0000:00000000       .debug$S                   0000000180000000     G1WZrK4kHQSfLP1BLKd6ID_cclib:G1WZrK4kHQSfLP1BLKd6ID_cclib.dll
 0000:00000000       .debug$S                   0000000180000000     G1WZrK4kHQSfLP1BLKd6ID_cclib:G1WZrK4kHQSfLP1BLKd6ID_cclib.dll
 0000:00000000       .debug$S                   0000000180000000     G1WZrK4kHQSfLP1BLKd6ID_cclib:G1WZrK4kHQSfLP1BLKd6ID_cclib.dll
 0000:00000000       .debug$S                   0000000180000000     G1WZrK4kHQSfLP1BLKd6ID_cclib:G1WZrK4kHQSfLP1BLKd6ID_cclib.dll
 0000:00000000       .debug$S                   0000000180000000     G1WZrK4kHQSfLP1BLKd6ID_cclib:G1WZrK4kHQSfLP1BLKd6ID_cclib.dll
 0000:00000000       .debug$S                   0000000180000000     ucrt:api-ms-win-crt-heap-l1-1-0.dll
 0000:00000000       .debug$S                   0000000180000000     ucrt:api-ms-win-crt-heap-l1-1-0.dll
 0000:00000000       .debug$S                   0000000180000000     ucrt:api-ms-win-crt-runtime-l1-1-0.dll
 0000:00000000       .debug$S                   0000000180000000     ucrt:api-ms-win-crt-runtime-l1-1-0.dll
 0000:00000000       .debug$S                   0000000180000000     ucrt:api-ms-win-crt-runtime-l1-1-0.dll
 0000:00000000       .debug$S                   0000000180000000     ucrt:api-ms-win-crt-runtime-l1-1-0.dll
 0000:00000000       .debug$S                   0000000180000000     ucrt:api-ms-win-crt-runtime-l1-1-0.dll
 0000:00000000       .debug$S                   0000000180000000     ucrt:api-ms-win-crt-runtime-l1-1-0.dll
 0000:00000000       .debug$S                   0000000180000000     ucrt:api-ms-win-crt-runtime-l1-1-0.dll
 0000:00000000       .debug$S                   0000000180000000     ucrt:api-ms-win-crt-runtime-l1-1-0.dll
 0000:00000000       .debug$S                   0000000180000000     ucrt:api-ms-win-crt-runtime-l1-1-0.dll
 0000:00000000       .debug$S                   0000000180000000     ucrt:api-ms-win-crt-runtime-l1-1-0.dll
 0000:00000000       .debug$S                   0000000180000000     ucrt:api-ms-win-crt-runtime-l1-1-0.dll
 0000:00000000       .debug$S                   0000000180000000     ucrt:api-ms-win-crt-runtime-l1-1-0.dll
 0000:00000000       .debug$S                   0000000180000000     ucrt:api-ms-win-crt-stdio-l1-1-0.dll
 0000:00000000       .debug$S                   0000000180000000     ucrt:api-ms-win-crt-string-l1-1-0.dll
 0000:00000000       .debug$S                   0000000180000000     ucrt:api-ms-win-crt-string-l1-1-0.dll
 0000:00000000       .debug$S                   0000000180000000     ucrt:api-ms-win-crt-string-l1-1-0.dll
 0000:00000000       .debug$S                   0000000180000000     kernel32:KERNEL32.dll
 0000:00000000       .debug$S                   0000000180000000     kernel32:KERNEL32.dll
 0000:00000000       .debug$S                   0000000180000000     kernel32:KERNEL32.dll
 0000:00000000       .debug$S                   0000000180000000     kernel32:KERNEL32.dll
 0000:00000000       .debug$S                   0000000180000000     kernel32:KERNEL32.dll
 0000:00000000       .debug$S                   0000000180000000     kernel32:KERNEL32.dll
 0000:00000000       .debug$S                   0000000180000000     kernel32:KERNEL32.dll
 0000:00000000       .debug$S                   0000000180000000     kernel32:KERNEL32.dll
 0000:00000000       .debug$S                   0000000180000000     kernel32:KERNEL32.dll
 0000:00000000       .debug$S                   0000000180000000     kernel32:KERNEL32.dll
 0000:00000000       .debug$S                   0000000180000000     kernel32:KERNEL32.dll
 0000:00000000       .debug$S                   0000000180000000     kernel32:KERNEL32.dll
 0000:00000000       .debug$S                   0000000180000000     kernel32:KERNEL32.dll
 0000:00000000       .debug$S                   0000000180000000     kernel32:KERNEL32.dll
 0000:00000000       .debug$S                   0000000180000000     kernel32:KERNEL32.dll
 0000:00000000       .debug$S                   0000000180000000     kernel32:KERNEL32.dll
 0000:00000000       .debug$S                   0000000180000000     kernel32:KERNEL32.dll
 0001:000032a8       $LN180                     00000001800042a8     Fuel_Pump_V3_1_20201113_20KHz_sfun_registry.obj
 0001:00004094       $LN17                      0000000180005094     Fuel_Pump_V3_1_20201113_20KHz_sfun_registry.obj
 0001:00004794       $LN26                      0000000180005794     Fuel_Pump_V3_1_20201113_20KHz_sfun_registry.obj
[...]
 0004:000003f0       $pdata$sf_process_get_post_codegen_info_call 00000001800223f0     Fuel_Pump_V3_1_20201113_20KHz_sfun_registry.obj
 0004:000003fc       $pdata$sf_process_get_updateBuildInfo_args_info_call 00000001800223fc     Fuel_Pump_V3_1_20201113_20KHz_sfun_registry.obj
 0004:00000408       $pdata$sf_process_get_eml_resolved_functions_info_call 0000000180022408     Fuel_Pump_V3_1_20201113_20KHz_sfun_registry.obj
 0004:00000414       $pdata$sf_mex_unlock_call  0000000180022414     Fuel_Pump_V3_1_20201113_20KHz_sfun_registry.obj
 0004:00000420       $pdata$ProcessMexSfunctionCmdLineCall 0000000180022420     Fuel_Pump_V3_1_20201113_20KHz_sfun_registry.obj
 0004:0000042c       $pdata$sf_machine_global_initializer_called 000000018002242c     Fuel_Pump_V3_1_20201113_20KHz_sfun_registry.obj
 0004:00000438       $pdata$sf_machine_global_method_dispatcher 0000000180022438     Fuel_Pump_V3_1_20201113_20KHz_sfun_registry.obj
 0004:00000444       $pdata$sf_machine_global_terminator 0000000180022444     Fuel_Pump_V3_1_20201113_20KHz_sfun_registry.obj
 0004:00000450       $pdata$sf_register_machine_exported_symbols 0000000180022450     Fuel_Pump_V3_1_20201113_20KHz_sfun_registry.obj
 0004:0000045c       $pdata$sf_machine_global_initializer 000000018002245c     Fuel_Pump_V3_1_20201113_20KHz_sfun_registry.obj
 0004:00000468       $pdata$mdlGetSimState      0000000180022468     Fuel_Pump_V3_1_20201113_20KHz_sfun_registry.obj
 0004:00000474       $pdata$mdlSetSimState      0000000180022474     Fuel_Pump_V3_1_20201113_20KHz_sfun_registry.obj
 0004:00000480       $pdata$mdlSetWorkWidths    0000000180022480     Fuel_Pump_V3_1_20201113_20KHz_sfun_registry.obj
 0004:0000048c       $pdata$mdlProcessParameters 000000018002248c     Fuel_Pump_V3_1_20201113_20KHz_sfun_registry.obj
 0004:00000498       $pdata$mdl_start_processing 0000000180022498     Fuel_Pump_V3_1_20201113_20KHz_sfun_registry.obj
 0004:000004a4       $pdata$mdl_terminate_processing 00000001800224a4     Fuel_Pump_V3_1_20201113_20KHz_sfun_registry.obj
 0004:000004b0       $pdata$mdlStart            00000001800224b0     Fuel_Pump_V3_1_20201113_20KHz_sfun_registry.obj
 0004:000004bc       $pdata$mdlTerminate        00000001800224bc     Fuel_Pump_V3_1_20201113_20KHz_sfun_registry.obj
 0004:000004c8       $pdata$mdlInitializeSizes  00000001800224c8     Fuel_Pump_V3_1_20201113_20KHz_sfun_registry.obj
 0004:000004d4       $pdata$mdlInitializeSampleTimes 00000001800224d4     Fuel_Pump_V3_1_20201113_20KHz_sfun_registry.obj
 0004:000004e0       $pdata$mdl_outputs_continuous_legacy 00000001800224e0     Fuel_Pump_V3_1_20201113_20KHz_sfun_registry.obj
 0004:000004ec       $pdata$mdl_outputs_processing 00000001800224ec     Fuel_Pump_V3_1_20201113_20KHz_sfun_registry.obj
 0004:000004f8       $pdata$mdl_zeroCrossings_processing 00000001800224f8     Fuel_Pump_V3_1_20201113_20KHz_sfun_registry.obj
 0004:00000504       $pdata$mdlZeroCrossings    0000000180022504     Fuel_Pump_V3_1_20201113_20KHz_sfun_registry.obj
 0004:00000510       $pdata$mdl_derivatives_processing 0000000180022510     Fuel_Pump_V3_1_20201113_20KHz_sfun_registry.obj
 0004:0000051c       $pdata$mdlDerivatives      000000018002251c     Fuel_Pump_V3_1_20201113_20KHz_sfun_registry.obj
 0004:00000528       $pdata$mdl_initialize_conditions_processing 0000000180022528     Fuel_Pump_V3_1_20201113_20KHz_sfun_registry.obj
 0004:00000534       $pdata$mdlInitializeConditions 0000000180022534     Fuel_Pump_V3_1_20201113_20KHz_sfun_registry.obj
 0004:00000540       $pdata$mdl_ext_mode_exec_processing 0000000180022540     Fuel_Pump_V3_1_20201113_20KHz_sfun_registry.obj
 0004:0000054c       $pdata$mdlExtModeExec      000000018002254c     Fuel_Pump_V3_1_20201113_20KHz_sfun_registry.obj
 0004:00000558       $pdata$mdlRTW              0000000180022558     Fuel_Pump_V3_1_20201113_20KHz_sfun_registry.obj
 0004:00000564       $pdata$mdl_enable_processing 0000000180022564     Fuel_Pump_V3_1_20201113_20KHz_sfun_registry.obj
 0004:00000570       $pdata$mdlEnable           0000000180022570     Fuel_Pump_V3_1_20201113_20KHz_sfun_registry.obj
 0004:0000057c       $pdata$mdl_disable_processing 000000018002257c     Fuel_Pump_V3_1_20201113_20KHz_sfun_registry.obj
 0004:00000588       $pdata$mdlDisable          0000000180022588     Fuel_Pump_V3_1_20201113_20KHz_sfun_registry.obj
 0004:00000594       $pdata$mdlOutputs          0000000180022594     Fuel_Pump_V3_1_20201113_20KHz_sfun_registry.obj
 0004:000005a0       $pdata$mdl_update_processing 00000001800225a0     Fuel_Pump_V3_1_20201113_20KHz_sfun_registry.obj
 0004:000005ac       $pdata$mdlUpdate           00000001800225ac     Fuel_Pump_V3_1_20201113_20KHz_sfun_registry.obj
 0004:000005b8       $pdata$ProcessMexSfunctionEveryCall 00000001800225b8     Fuel_Pump_V3_1_20201113_20KHz_sfun_registry.obj
 0004:000005c4       $pdata$_RegNumInputPortsCB 00000001800225c4     Fuel_Pump_V3_1_20201113_20KHz_sfun_registry.obj
 0004:000005d0       $pdata$_RegNumOutputPortsCB 00000001800225d0     Fuel_Pump_V3_1_20201113_20KHz_sfun_registry.obj
 0004:000005dc       $pdata$_CreateSimStruct    00000001800225dc     Fuel_Pump_V3_1_20201113_20KHz_sfun_registry.obj
 0004:000005e8       $pdata$_ProcessMexSfunctionCmdLineCall 00000001800225e8     Fuel_Pump_V3_1_20201113_20KHz_sfun_registry.obj
 0004:000005f4       $pdata$ReportIndexOutOfBoundsError 00000001800225f4     Fuel_Pump_V3_1_20201113_20KHz_sfun_registry.obj
 0004:00000624       $pdata$load_canblocks_extras_optimization_info 0000000180022624     canblocks_extras_sfun:canblocks_extras_sfun.obj
 0004:00000630       $pdata$unload_canblocks_extras_optimization_info 0000000180022630     canblocks_extras_sfun:canblocks_extras_sfun.obj
 0004:0000063c       $pdata$sf_canblocks_extras_method_dispatcher 000000018002263c     canblocks_extras_sfun:canblocks_extras_sfun.obj
 0004:00000648       $pdata$sf_canblocks_extras_process_check_sum_call 0000000180022648     canblocks_extras_sfun:canblocks_extras_sfun.obj
 0004:00000654       $pdata$sf_canblocks_extras_get_eml_resolved_functions_info 0000000180022654     canblocks_extras_sfun:canblocks_extras_sfun.obj
 0004:00000660       $pdata$sf_canblocks_extras_third_party_uses_info 0000000180022660     canblocks_extras_sfun:canblocks_extras_sfun.obj
 0004:0000066c       $pdata$sf_canblocks_extras_jit_fallback_info 000000018002266c     canblocks_extras_sfun:canblocks_extras_sfun.obj
 0004:00000678       $pdata$sf_canblocks_extras_get_post_codegen_info 0000000180022678     canblocks_extras_sfun:canblocks_extras_sfun.obj
 0004:00000684       $pdata$sf_canblocks_extras_updateBuildInfo_args_info 0000000180022684     canblocks_extras_sfun:canblocks_extras_sfun.obj
 0004:00000690       $pdata$sf_c28_canblocks_extras_get_eml_resolved_functions_info 0000000180022690     canblocks_extras_sfun:c28_canblocks_extras.obj
 0004:0000069c       $pdata$sf_c28_canblocks_extras_get_check_sum 000000018002269c     canblocks_extras_sfun:c28_canblocks_extras.obj
 0004:000006a8       $pdata$c28_canblocks_extras_method_dispatcher 00000001800226a8     canblocks_extras_sfun:c28_canblocks_extras.obj
 0004:000006b4       $pdata$initialize_c28_canblocks_extras 00000001800226b4     canblocks_extras_sfun:c28_canblocks_extras.obj
 0004:000006c0       $pdata$initialize_params_c28_canblocks_extras 00000001800226c0     canblocks_extras_sfun:c28_canblocks_extras.obj
 0004:000006cc       $pdata$enable_c28_canblocks_extras 00000001800226cc     canblocks_extras_sfun:c28_canblocks_extras.obj
 0004:000006d8       $pdata$disable_c28_canblocks_extras 00000001800226d8     canblocks_extras_sfun:c28_canblocks_extras.obj
 0004:000006e4       $pdata$c28_update_jit_animation_state_c28_canblocks_extras 00000001800226e4     canblocks_extras_sfun:c28_canblocks_extras.obj
 0004:000006f0       $pdata$c28_do_animation_call_c28_canblocks_extras 00000001800226f0     canblocks_extras_sfun:c28_canblocks_extras.obj
 0004:000006fc       $pdata$get_sim_state_c28_canblocks_extras 00000001800226fc     canblocks_extras_sfun:c28_canblocks_extras.obj
 0004:00000708       $pdata$set_sim_state_c28_canblocks_extras 0000000180022708     canblocks_extras_sfun:c28_canblocks_extras.obj
 0004:00000714       $pdata$finalize_c28_canblocks_extras 0000000180022714     canblocks_extras_sfun:c28_canblocks_extras.obj
 0004:00000720       $pdata$sf_gateway_c28_canblocks_extras 0000000180022720     canblocks_extras_sfun:c28_canblocks_extras.obj
 0004:0000072c       $pdata$mdl_start_c28_canblocks_extras 000000018002272c     canblocks_extras_sfun:c28_canblocks_extras.obj
 0004:00000738       $pdata$c28_Connected       0000000180022738     canblocks_extras_sfun:c28_canblocks_extras.obj
 0004:00000744       $pdata$c28_tx_dto          0000000180022744     canblocks_extras_sfun:c28_canblocks_extras.obj
 0004:00000750       $pdata$c28_emlrt_marshallIn 0000000180022750     canblocks_extras_sfun:c28_canblocks_extras.obj
 0004:0000075c       $pdata$c28_b_emlrt_marshallIn 000000018002275c     canblocks_extras_sfun:c28_canblocks_extras.obj
 0004:00000768       $pdata$c28_c_emlrt_marshallIn 0000000180022768     canblocks_extras_sfun:c28_canblocks_extras.obj
 0004:00000774       $pdata$c28_d_emlrt_marshallIn 0000000180022774     canblocks_extras_sfun:c28_canblocks_extras.obj
 0004:00000780       $pdata$c28_chart_data_browse_helper 0000000180022780     canblocks_extras_sfun:c28_canblocks_extras.obj
 0004:0000078c       $pdata$c28_slcc_cov_call_setSlave_Version_G1WZrK4kHQSfLP1BLKd6ID_by_sim 000000018002278c     canblocks_extras_sfun:c28_canblocks_extras.obj
 0004:00000798       $pdata$c28_slcc_cov_call_setStation_Address_G1WZrK4kHQSfLP1BLKd6ID_by_s 0000000180022798     canblocks_extras_sfun:c28_canblocks_extras.obj
 0004:000007a4       $pdata$c28_slcc_cov_call_setCurrent_State_G1WZrK4kHQSfLP1BLKd6ID_by_sim 00000001800227a4     canblocks_extras_sfun:c28_canblocks_extras.obj
 0004:000007b0       $pdata$c28_slcc_cov_call_c_reset_all_DAQ_lists_G1WZrK4kHQSfLP1BLKd6ID_b 00000001800227b0     canblocks_extras_sfun:c28_canblocks_extras.obj
 0004:000007bc       $pdata$c28_slcc_cov_call_getStation_Address_G1WZrK4kHQSfLP1BLKd6ID_by_s 00000001800227bc     canblocks_extras_sfun:c28_canblocks_extras.obj
 0004:000007c8       $pdata$c28_slcc_cov_call_setHandled_G1WZrK4kHQSfLP1BLKd6ID_by_simstruct 00000001800227c8     canblocks_extras_sfun:c28_canblocks_extras.obj
 0004:000007d4       $pdata$c28_slcc_cov_call_setMaster_Version_G1WZrK4kHQSfLP1BLKd6ID_by_si 00000001800227d4     canblocks_extras_sfun:c28_canblocks_extras.obj
 0004:000007e0       $pdata$c28_slcc_cov_call_getMTAPtr_G1WZrK4kHQSfLP1BLKd6ID_by_simstruct 00000001800227e0     canblocks_extras_sfun:c28_canblocks_extras.obj
 0004:000007ec       $pdata$c28_slcc_cov_call_c_write_uint8s_G1WZrK4kHQSfLP1BLKd6ID_by_simst 00000001800227ec     canblocks_extras_sfun:c28_canblocks_extras.obj
 0004:000007f8       $pdata$c28_slcc_cov_call_c_set_element_pointer_G1WZrK4kHQSfLP1BLKd6ID_b 00000001800227f8     canblocks_extras_sfun:c28_canblocks_extras.obj
 0004:00000804       $pdata$c28_slcc_cov_call_c_start_stop_all_G1WZrK4kHQSfLP1BLKd6ID_by_sim 0000000180022804     canblocks_extras_sfun:c28_canblocks_extras.obj
 0004:00000810       $pdata$c28_slcc_cov_call_c_start_stop_G1WZrK4kHQSfLP1BLKd6ID_by_simstru 0000000180022810     canblocks_extras_sfun:c28_canblocks_extras.obj
 0004:0000081c       $pdata$c28_slcc_cov_call_setS_Status_G1WZrK4kHQSfLP1BLKd6ID_by_simstruc 000000018002281c     canblocks_extras_sfun:c28_canblocks_extras.obj
 0004:00000828       $pdata$c28_slcc_cov_call_c_write_daq_G1WZrK4kHQSfLP1BLKd6ID_by_simstruc 0000000180022828     canblocks_extras_sfun:c28_canblocks_extras.obj
 0004:00000834       $pdata$c28_slcc_cov_call_setData_G1WZrK4kHQSfLP1BLKd6ID_by_simstruct 0000000180022834     canblocks_extras_sfun:c28_canblocks_extras.obj
 0004:00000840       $pdata$c28_slcc_cov_call_getSlave_Version_G1WZrK4kHQSfLP1BLKd6ID_by_sim 0000000180022840     canblocks_extras_sfun:c28_canblocks_extras.obj
 0004:0000084c       $pdata$c28_slcc_cov_call_getDataPtr_G1WZrK4kHQSfLP1BLKd6ID_by_simstruct 000000018002284c     canblocks_extras_sfun:c28_canblocks_extras.obj
 0004:00000858       $pdata$c28_slcc_cov_call_c_read_uint8s_G1WZrK4kHQSfLP1BLKd6ID_by_simstr 0000000180022858     canblocks_extras_sfun:c28_canblocks_extras.obj
 0004:00000864       $pdata$c28_slcc_cov_call_c_init_daq_list_G1WZrK4kHQSfLP1BLKd6ID_by_sims 0000000180022864     canblocks_extras_sfun:c28_canblocks_extras.obj
 0004:00000870       $pdata$c28_slcc_cov_call_getS_Status_G1WZrK4kHQSfLP1BLKd6ID_by_simstruc 0000000180022870     canblocks_extras_sfun:c28_canblocks_extras.obj
 0004:0000087c       $pdata$c28__u8_u16_        000000018002287c     canblocks_extras_sfun:c28_canblocks_extras.obj
 0004:00000888       $pdata$init_simulink_io_address 0000000180022888     canblocks_extras_sfun:c28_canblocks_extras.obj
 0004:00000894       $pdata$sf_c28_canblocks_extras_third_party_uses_info 0000000180022894     canblocks_extras_sfun:c28_canblocks_extras.obj
 0004:000008a0       $pdata$sf_c28_canblocks_extras_jit_fallback_info 00000001800228a0     canblocks_extras_sfun:c28_canblocks_extras.obj
 0004:000008ac       $pdata$sf_c28_canblocks_extras_updateBuildInfo_args_info 00000001800228ac     canblocks_extras_sfun:c28_canblocks_extras.obj
 0004:000008b8       $pdata$sf_get_sim_state_info_c28_canblocks_extras 00000001800228b8     canblocks_extras_sfun:c28_canblocks_extras.obj
 0004:000008c4       $pdata$sf_opaque_initialize_c28_canblocks_extras 00000001800228c4     canblocks_extras_sfun:c28_canblocks_extras.obj
 0004:000008d0       $pdata$sf_opaque_enable_c28_canblocks_extras 00000001800228d0     canblocks_extras_sfun:c28_canblocks_extras.obj
 0004:000008dc       $pdata$sf_opaque_disable_c28_canblocks_extras 00000001800228dc     canblocks_extras_sfun:c28_canblocks_extras.obj
 0004:000008e8       $pdata$sf_opaque_gateway_c28_canblocks_extras 00000001800228e8     canblocks_extras_sfun:c28_canblocks_extras.obj
 0004:000008f4       $pdata$sf_opaque_get_sim_state_c28_canblocks_extras 00000001800228f4     canblocks_extras_sfun:c28_canblocks_extras.obj
 0004:00000900       $pdata$sf_opaque_set_sim_state_c28_canblocks_extras 0000000180022900     canblocks_extras_sfun:c28_canblocks_extras.obj
 0004:0000090c       $pdata$sf_opaque_terminate_c28_canblocks_extras 000000018002290c     canblocks_extras_sfun:c28_canblocks_extras.obj
 0004:00000918       $pdata$mdlProcessParameters_c28_canblocks_extras 0000000180022918     canblocks_extras_sfun:c28_canblocks_extras.obj
 0004:00000924       $pdata$sf_c28_canblocks_extras_get_post_codegen_info 0000000180022924     canblocks_extras_sfun:c28_canblocks_extras.obj
 0004:00000930       $pdata$mdlSetWorkWidths_c28_canblocks_extras 0000000180022930     canblocks_extras_sfun:c28_canblocks_extras.obj
 0004:0000093c       $pdata$mdlRTW_c28_canblocks_extras 000000018002293c     canblocks_extras_sfun:c28_canblocks_extras.obj
 0004:00000948       $pdata$mdlStart_c28_canblocks_extras 0000000180022948     canblocks_extras_sfun:c28_canblocks_extras.obj
 0004:00000978       $pdata$__report_securityfailure 0000000180022978     MSVCRT:gs_report.obj
 0004:00000984       $pdata$__report_securityfailureEx 0000000180022984     MSVCRT:gs_report.obj
 0004:0000096c       $pdata$__report_rangecheckfailure 000000018002296c     MSVCRT:gs_report.obj
 0004:00000960       $pdata$__report_gsfailure  0000000180022960     MSVCRT:gs_report.obj
 0004:00000990       $pdata$capture_current_context 0000000180022990     MSVCRT:gs_report.obj
 0004:0000099c       $pdata$capture_previous_context 000000018002299c     MSVCRT:gs_report.obj
 0004:00000954       $pdata$__raise_securityfailure 0000000180022954     MSVCRT:gs_report.obj
 0004:000009b4       $pdata$__GSHandlerCheckCommon 00000001800229b4     MSVCRT:gshandler.obj
 0004:000009a8       $pdata$__GSHandlerCheck    00000001800229a8     MSVCRT:gshandler.obj
 0004:000009d8       $pdata$?dllmain_crt_process_attach@@YAHQEAUHINSTANCE__@@QEAX@Z 00000001800229d8     MSVCRT:dll_dllmain.obj
 0004:00000b58       $pdata$?fin$0@?0??dllmain_crt_process_attach@@YAHQEAUHINSTANCE__@@QEAX@Z@4HA 0000000180022b58     MSVCRT:dll_dllmain.obj
 0004:000009e4       $pdata$?dllmain_crt_process_detach@@YAH_N@Z 00000001800229e4     MSVCRT:dll_dllmain.obj
 0004:00000b64       $pdata$?fin$0@?0??dllmain_crt_process_detach@@YAH_N@Z@4HA 0000000180022b64     MSVCRT:dll_dllmain.obj
 0004:00000b70       $pdata$?fin$1@?0??dllmain_crt_process_detach@@YAH_N@Z@4HA 0000000180022b70     MSVCRT:dll_dllmain.obj
 0004:000009cc       $pdata$?dllmain_crt_dispatch@@YAHQEAUHINSTANCE__@@KQEAX@Z 00000001800229cc     MSVCRT:dll_dllmain.obj
 0004:000009f0       $pdata$?dllmain_dispatch@@YAHQEAUHINSTANCE__@@KQEAX@Z 00000001800229f0     MSVCRT:dll_dllmain.obj
 0004:00000b7c       $pdata$?filt$0@?0??dllmain_dispatch@@YAHQEAUHINSTANCE__@@KQEAX@Z@4HA 0000000180022b7c     MSVCRT:dll_dllmain.obj
 0004:000009fc       $pdata$_DllMainCRTStartup  00000001800229fc     MSVCRT:dll_dllmain.obj
 0004:00000a14       $pdata$__security_init_cookie 0000000180022a14     MSVCRT:gs_support.obj
 0004:00000a08       $pdata$__get_entropy       0000000180022a08     MSVCRT:gs_support.obj
 0004:00000a20       $pdata$DllMain             0000000180022a20     MSVCRT:dll_dllmain_stub.obj
 0004:00000a2c       $pdata$__scrt_initialize_default_local_stdio_options 0000000180022a2c     MSVCRT:default_local_stdio_options.obj
 0004:00000aec       $pdata$atexit              0000000180022aec     MSVCRT:utility.obj
 0004:00000ae0       $pdata$_onexit             0000000180022ae0     MSVCRT:utility.obj
 0004:00000abc       $pdata$__scrt_is_nonwritable_in_current_image 0000000180022abc     MSVCRT:utility.obj
 0004:00000b88       $pdata$__scrt_is_nonwritable_in_current_image$filt$0 0000000180022b88     MSVCRT:utility.obj
 0004:00000a44       $pdata$__scrt_acquire_startup_lock 0000000180022a44     MSVCRT:utility.obj
 0004:00000ac8       $pdata$__scrt_release_startup_lock 0000000180022ac8     MSVCRT:utility.obj
 0004:00000aa4       $pdata$__scrt_initialize_crt 0000000180022aa4     MSVCRT:utility.obj
 0004:00000ad4       $pdata$__scrt_uninitialize_crt 0000000180022ad4     MSVCRT:utility.obj
 0004:00000ab0       $pdata$__scrt_initialize_onexit_tables 0000000180022ab0     MSVCRT:utility.obj
 0004:00000a80       $pdata$__scrt_dllmain_exception_filter 0000000180022a80     MSVCRT:utility.obj
 0004:00000a5c       $pdata$__scrt_dllmain_before_initialize_c 0000000180022a5c     MSVCRT:utility.obj
 0004:00000a50       $pdata$__scrt_dllmain_after_initialize_c 0000000180022a50     MSVCRT:utility.obj
 0004:00000a8c       $pdata$__scrt_dllmain_uninitialize_c 0000000180022a8c     MSVCRT:utility.obj
 0004:00000a98       $pdata$__scrt_dllmain_uninitialize_critical 0000000180022a98     MSVCRT:utility.obj
 0004:00000a68       $pdata$__scrt_dllmain_crt_thread_attach 0000000180022a68     MSVCRT:utility.obj
 0004:00000a74       $pdata$__scrt_dllmain_crt_thread_detach 0000000180022a74     MSVCRT:utility.obj
 0004:00000a38       $pdata$?configure_argv@__scrt_narrow_argv_policy@@SAHXZ 0000000180022a38     MSVCRT:utility.obj
 0004:00000b04       $pdata$__scrt_get_show_window_mode 0000000180022b04     MSVCRT:utility_desktop.obj
 0004:00000b10       $pdata$__scrt_is_managed_app 0000000180022b10     MSVCRT:utility_desktop.obj
 0004:00000af8       $pdata$__scrt_fastfail     0000000180022af8     MSVCRT:utility_desktop.obj
 0004:00000b1c       $pdata$__scrt_unhandled_exception_filter 0000000180022b1c     MSVCRT:utility_desktop.obj
 0004:00000b28       $pdata$_RTC_Initialize     0000000180022b28     MSVCRT:initsect.obj
 0004:00000b34       $pdata$_RTC_Terminate      0000000180022b34     MSVCRT:initsect.obj
 0004:00000b40       $pdata$__isa_available_init 0000000180022b40     MSVCRT:cpu_disp.obj
